Archive member included to satisfy reference by file (symbol)

C:/ST/STM32CubeIDE_1.18.0/STM32CubeIDE/plugins/com.st.stm32cube.ide.mcu.externaltools.gnu-tools-for-stm32.13.3.rel1.win32_1.0.0.202411081344/tools/bin/../lib/gcc/arm-none-eabi/13.3.1/../../../../arm-none-eabi/lib/thumb/v7e-m+fp/hard\libstdc++_nano.a(new_op.o)
                              ./Core/Src/MotorController.o (operator new(unsigned int))
C:/ST/STM32CubeIDE_1.18.0/STM32CubeIDE/plugins/com.st.stm32cube.ide.mcu.externaltools.gnu-tools-for-stm32.13.3.rel1.win32_1.0.0.202411081344/tools/bin/../lib/gcc/arm-none-eabi/13.3.1/../../../../arm-none-eabi/lib/thumb/v7e-m+fp/hard\libstdc++_nano.a(new_handler.o)
                              C:/ST/STM32CubeIDE_1.18.0/STM32CubeIDE/plugins/com.st.stm32cube.ide.mcu.externaltools.gnu-tools-for-stm32.13.3.rel1.win32_1.0.0.202411081344/tools/bin/../lib/gcc/arm-none-eabi/13.3.1/../../../../arm-none-eabi/lib/thumb/v7e-m+fp/hard\libstdc++_nano.a(new_op.o) (std::get_new_handler())
C:/ST/STM32CubeIDE_1.18.0/STM32CubeIDE/plugins/com.st.stm32cube.ide.mcu.externaltools.gnu-tools-for-stm32.13.3.rel1.win32_1.0.0.202411081344/tools/bin/../lib/gcc/arm-none-eabi/13.3.1/../../../../arm-none-eabi/lib/thumb/v7e-m+fp/hard\libc_nano.a(libc_a-abort.o)
                              C:/ST/STM32CubeIDE_1.18.0/STM32CubeIDE/plugins/com.st.stm32cube.ide.mcu.externaltools.gnu-tools-for-stm32.13.3.rel1.win32_1.0.0.202411081344/tools/bin/../lib/gcc/arm-none-eabi/13.3.1/../../../../arm-none-eabi/lib/thumb/v7e-m+fp/hard\libstdc++_nano.a(new_op.o) (abort)
C:/ST/STM32CubeIDE_1.18.0/STM32CubeIDE/plugins/com.st.stm32cube.ide.mcu.externaltools.gnu-tools-for-stm32.13.3.rel1.win32_1.0.0.202411081344/tools/bin/../lib/gcc/arm-none-eabi/13.3.1/../../../../arm-none-eabi/lib/thumb/v7e-m+fp/hard\libc_nano.a(libc_a-exit.o)
                              C:/ST/STM32CubeIDE_1.18.0/STM32CubeIDE/plugins/com.st.stm32cube.ide.mcu.externaltools.gnu-tools-for-stm32.13.3.rel1.win32_1.0.0.202411081344/tools/bin/../lib/gcc/arm-none-eabi/13.3.1/../../../../arm-none-eabi/lib/thumb/v7e-m+fp/hard/crt0.o (exit)
C:/ST/STM32CubeIDE_1.18.0/STM32CubeIDE/plugins/com.st.stm32cube.ide.mcu.externaltools.gnu-tools-for-stm32.13.3.rel1.win32_1.0.0.202411081344/tools/bin/../lib/gcc/arm-none-eabi/13.3.1/../../../../arm-none-eabi/lib/thumb/v7e-m+fp/hard\libc_nano.a(libc_a-malloc.o)
                              ./Middlewares/ST/STM32_USB_Host_Library/Class/CDC/Src/usbh_cdc.o (malloc)
C:/ST/STM32CubeIDE_1.18.0/STM32CubeIDE/plugins/com.st.stm32cube.ide.mcu.externaltools.gnu-tools-for-stm32.13.3.rel1.win32_1.0.0.202411081344/tools/bin/../lib/gcc/arm-none-eabi/13.3.1/../../../../arm-none-eabi/lib/thumb/v7e-m+fp/hard\libc_nano.a(libc_a-mallocr.o)
                              C:/ST/STM32CubeIDE_1.18.0/STM32CubeIDE/plugins/com.st.stm32cube.ide.mcu.externaltools.gnu-tools-for-stm32.13.3.rel1.win32_1.0.0.202411081344/tools/bin/../lib/gcc/arm-none-eabi/13.3.1/../../../../arm-none-eabi/lib/thumb/v7e-m+fp/hard\libc_nano.a(libc_a-malloc.o) (_malloc_r)
C:/ST/STM32CubeIDE_1.18.0/STM32CubeIDE/plugins/com.st.stm32cube.ide.mcu.externaltools.gnu-tools-for-stm32.13.3.rel1.win32_1.0.0.202411081344/tools/bin/../lib/gcc/arm-none-eabi/13.3.1/../../../../arm-none-eabi/lib/thumb/v7e-m+fp/hard\libc_nano.a(libc_a-mlock.o)
                              C:/ST/STM32CubeIDE_1.18.0/STM32CubeIDE/plugins/com.st.stm32cube.ide.mcu.externaltools.gnu-tools-for-stm32.13.3.rel1.win32_1.0.0.202411081344/tools/bin/../lib/gcc/arm-none-eabi/13.3.1/../../../../arm-none-eabi/lib/thumb/v7e-m+fp/hard\libc_nano.a(libc_a-mallocr.o) (__malloc_lock)
C:/ST/STM32CubeIDE_1.18.0/STM32CubeIDE/plugins/com.st.stm32cube.ide.mcu.externaltools.gnu-tools-for-stm32.13.3.rel1.win32_1.0.0.202411081344/tools/bin/../lib/gcc/arm-none-eabi/13.3.1/../../../../arm-none-eabi/lib/thumb/v7e-m+fp/hard\libc_nano.a(libc_a-nano-vfprintf_float.o)
                              (_printf_float)
C:/ST/STM32CubeIDE_1.18.0/STM32CubeIDE/plugins/com.st.stm32cube.ide.mcu.externaltools.gnu-tools-for-stm32.13.3.rel1.win32_1.0.0.202411081344/tools/bin/../lib/gcc/arm-none-eabi/13.3.1/../../../../arm-none-eabi/lib/thumb/v7e-m+fp/hard\libc_nano.a(libc_a-nano-vfprintf_i.o)
                              C:/ST/STM32CubeIDE_1.18.0/STM32CubeIDE/plugins/com.st.stm32cube.ide.mcu.externaltools.gnu-tools-for-stm32.13.3.rel1.win32_1.0.0.202411081344/tools/bin/../lib/gcc/arm-none-eabi/13.3.1/../../../../arm-none-eabi/lib/thumb/v7e-m+fp/hard\libc_nano.a(libc_a-nano-vfprintf_float.o) (_printf_common)
C:/ST/STM32CubeIDE_1.18.0/STM32CubeIDE/plugins/com.st.stm32cube.ide.mcu.externaltools.gnu-tools-for-stm32.13.3.rel1.win32_1.0.0.202411081344/tools/bin/../lib/gcc/arm-none-eabi/13.3.1/../../../../arm-none-eabi/lib/thumb/v7e-m+fp/hard\libc_nano.a(libc_a-findfp.o)
[...]
Memory Configuration

Name             Origin             Length             Attributes
CCMRAM           0x10000000         0x00010000         xrw
RAM              0x20000000         0x00020000         xrw
FLASH            0x08000000         0x00100000         xr
*default*        0x00000000         0xffffffff

Linker script and memory map

LOAD C:/ST/STM32CubeIDE_1.18.0/STM32CubeIDE/plugins/com.st.stm32cube.ide.mcu.externaltools.gnu-tools-for-stm32.13.3.rel1.win32_1.0.0.202411081344/tools/bin/../lib/gcc/arm-none-eabi/13.3.1/thumb/v7e-m+fp/hard/crti.o
LOAD C:/ST/STM32CubeIDE_1.18.0/STM32CubeIDE/plugins/com.st.stm32cube.ide.mcu.externaltools.gnu-tools-for-stm32.13.3.rel1.win32_1.0.0.202411081344/tools/bin/../lib/gcc/arm-none-eabi/13.3.1/thumb/v7e-m+fp/hard/crtbegin.o
LOAD C:/ST/STM32CubeIDE_1.18.0/STM32CubeIDE/plugins/com.st.stm32cube.ide.mcu.externaltools.gnu-tools-for-stm32.13.3.rel1.win32_1.0.0.202411081344/tools/bin/../lib/gcc/arm-none-eabi/13.3.1/../../../../arm-none-eabi/lib/thumb/v7e-m+fp/hard/crt0.o
LOAD ./Core/Src/MotorComputations.o
LOAD ./Core/Src/MotorController.o
LOAD ./Core/Src/ScreenDisplay.o
LOAD ./Core/Src/VESCInterface.o
LOAD ./Core/Src/main.o
LOAD ./Core/Src/stm32f4xx_hal_msp.o
LOAD ./Core/Src/stm32f4xx_it.o
LOAD ./Core/Src/syscalls.o
LOAD ./Core/Src/sysmem.o
LOAD ./Core/Src/system_stm32f4xx.o
LOAD ./Core/Startup/startup_stm32f407vgtx.o
LOAD ./Drivers/STM32F4xx_HAL_Driver/Src/stm32f4xx_hal.o
LOAD ./Drivers/STM32F4xx_HAL_Driver/Src/stm32f4xx_hal_cortex.o
LOAD ./Drivers/STM32F4xx_HAL_Driver/Src/stm32f4xx_hal_dma.o
LOAD ./Drivers/STM32F4xx_HAL_Driver/Src/stm32f4xx_hal_dma_ex.o
LOAD ./Drivers/STM32F4xx_HAL_Driver/Src/stm32f4xx_hal_exti.o
LOAD ./Drivers/STM32F4xx_HAL_Driver/Src/stm32f4xx_hal_flash.o
LOAD ./Drivers/STM32F4xx_HAL_Driver/Src/stm32f4xx_hal_flash_ex.o
LOAD ./Drivers/STM32F4xx_HAL_Driver/Src/stm32f4xx_hal_flash_ramfunc.o
LOAD ./Drivers/STM32F4xx_HAL_Driver/Src/stm32f4xx_hal_gpio.o
LOAD ./Drivers/STM32F4xx_HAL_Driver/Src/stm32f4xx_hal_hcd.o
LOAD ./Drivers/STM32F4xx_HAL_Driver/Src/stm32f4xx_hal_i2c.o
LOAD ./Drivers/STM32F4xx_HAL_Driver/Src/stm32f4xx_hal_i2c_ex.o
LOAD ./Drivers/STM32F4xx_HAL_Driver/Src/stm32f4xx_hal_i2s.o
LOAD ./Drivers/STM32F4xx_HAL_Driver/Src/stm32f4xx_hal_i2s_ex.o
LOAD ./Drivers/STM32F4xx_HAL_Driver/Src/stm32f4xx_hal_iwdg.o
LOAD ./Drivers/STM32F4xx_HAL_Driver/Src/stm32f4xx_hal_pwr.o
LOAD ./Drivers/STM32F4xx_HAL_Driver/Src/stm32f4xx_hal_pwr_ex.o
LOAD ./Drivers/STM32F4xx_HAL_Driver/Src/stm32f4xx_hal_rcc.o
LOAD ./Drivers/STM32F4xx_HAL_Driver/Src/stm32f4xx_hal_rcc_ex.o
LOAD ./Drivers/STM32F4xx_HAL_Driver/Src/stm32f4xx_hal_spi.o
LOAD ./Drivers/STM32F4xx_HAL_Driver/Src/stm32f4xx_hal_uart.o
LOAD ./Drivers/STM32F4xx_HAL_Driver/Src/stm32f4xx_ll_usb.o
LOAD ./Middlewares/ST/STM32_USB_Host_Library/Class/CDC/Src/usbh_cdc.o
LOAD ./Middlewares/ST/STM32_USB_Host_Library/Core/Src/usbh_core.o
LOAD ./Middlewares/ST/STM32_USB_Host_Library/Core/Src/usbh_ctlreq.o
LOAD ./Middlewares/ST/STM32_USB_Host_Library/Core/Src/usbh_ioreq.o
LOAD ./Middlewares/ST/STM32_USB_Host_Library/Core/Src/usbh_pipes.o
LOAD ./USB_HOST/App/usb_host.o
LOAD ./USB_HOST/Target/usbh_conf.o
LOAD ./USB_HOST/Target/usbh_platform.o
START GROUP
LOAD C:/ST/STM32CubeIDE_1.18.0/STM32CubeIDE/plugins/com.st.stm32cube.ide.mcu.externaltools.gnu-tools-for-stm32.13.3.rel1.win32_1.0.0.202411081344/tools/bin/../lib/gcc/arm-none-eabi/13.3.1/../../../../arm-none-eabi/lib/thumb/v7e-m+fp/hard\libstdc++_nano.a
LOAD C:/ST/STM32CubeIDE_1.18.0/STM32CubeIDE/plugins/com.st.stm32cube.ide.mcu.externaltools.gnu-tools-for-stm32.13.3.rel1.win32_1.0.0.202411081344/tools/bin/../lib/gcc/arm-none-eabi/13.3.1/../../../../arm-none-eabi/lib/thumb/v7e-m+fp/hard\libsupc++_nano.a
END GROUP
LOAD C:/ST/STM32CubeIDE_1.18.0/STM32CubeIDE/plugins/com.st.stm32cube.ide.mcu.externaltools.gnu-tools-for-stm32.13.3.rel1.win32_1.0.0.202411081344/tools/bin/../lib/gcc/arm-none-eabi/13.3.1/../../../../arm-none-eabi/lib/thumb/v7e-m+fp/hard\libstdc++_nano.a
LOAD C:/ST/STM32CubeIDE_1.18.0/STM32CubeIDE/plugins/com.st.stm32cube.ide.mcu.externaltools.gnu-tools-for-stm32.13.3.rel1.win32_1.0.0.202411081344/tools/bin/../lib/gcc/arm-none-eabi/13.3.1/../../../../arm-none-eabi/lib/thumb/v7e-m+fp/hard\libm.a
LOAD C:/ST/STM32CubeIDE_1.18.0/STM32CubeIDE/plugins/com.st.stm32cube.ide.mcu.externaltools.gnu-tools-for-stm32.13.3.rel1.win32_1.0.0.202411081344/tools/bin/../lib/gcc/arm-none-eabi/13.3.1/../../../../arm-none-eabi/lib/thumb/v7e-m+fp/hard\libc_nano.a
START GROUP
LOAD C:/ST/STM32CubeIDE_1.18.0/STM32CubeIDE/plugins/com.st.stm32cube.ide.mcu.externaltools.gnu-tools-for-stm32.13.3.rel1.win32_1.0.0.202411081344/tools/bin/../lib/gcc/arm-none-eabi/13.3.1/thumb/v7e-m+fp/hard\libgcc.a
LOAD C:/ST/STM32CubeIDE_1.18.0/STM32CubeIDE/plugins/com.st.stm32cube.ide.mcu.externaltools.gnu-tools-for-stm32.13.3.rel1.win32_1.0.0.202411081344/tools/bin/../lib/gcc/arm-none-eabi/13.3.1/../../../../arm-none-eabi/lib/thumb/v7e-m+fp/hard\libc_nano.a
END GROUP
START GROUP
LOAD C:/ST/STM32CubeIDE_1.18.0/STM32CubeIDE/plugins/com.st.stm32cube.ide.mcu.externaltools.gnu-tools-for-stm32.13.3.rel1.win32_1.0.0.202411081344/tools/bin/../lib/gcc/arm-none-eabi/13.3.1/thumb/v7e-m+fp/hard\libgcc.a
LOAD C:/ST/STM32CubeIDE_1.18.0/STM32CubeIDE/plugins/com.st.stm32cube.ide.mcu.externaltools.gnu-tools-for-stm32.13.3.rel1.win32_1.0.0.202411081344/tools/bin/../lib/gcc/arm-none-eabi/13.3.1/../../../../arm-none-eabi/lib/thumb/v7e-m+fp/hard\libc_nano.a
LOAD C:/ST/STM32CubeIDE_1.18.0/STM32CubeIDE/plugins/com.st.stm32cube.ide.mcu.externaltools.gnu-tools-for-stm32.13.3.rel1.win32_1.0.0.202411081344/tools/bin/../lib/gcc/arm-none-eabi/13.3.1/../../../../arm-none-eabi/lib/thumb/v7e-m+fp/hard\libnosys.a
END GROUP
START GROUP
LOAD C:/ST/STM32CubeIDE_1.18.0/STM32CubeIDE/plugins/com.st.stm32cube.ide.mcu.externaltools.gnu-tools-for-stm32.13.3.rel1.win32_1.0.0.202411081344/tools/bin/../lib/gcc/arm-none-eabi/13.3.1/thumb/v7e-m+fp/hard\libgcc.a
LOAD C:/ST/STM32CubeIDE_1.18.0/STM32CubeIDE/plugins/com.st.stm32cube.ide.mcu.externaltools.gnu-tools-for-stm32.13.3.rel1.win32_1.0.0.202411081344/tools/bin/../lib/gcc/arm-none-eabi/13.3.1/../../../../arm-none-eabi/lib/thumb/v7e-m+fp/hard\libc_nano.a
LOAD C:/ST/STM32CubeIDE_1.18.0/STM32CubeIDE/plugins/com.st.stm32cube.ide.mcu.externaltools.gnu-tools-for-stm32.13.3.rel1.win32_1.0.0.202411081344/tools/bin/../lib/gcc/arm-none-eabi/13.3.1/../../../../arm-none-eabi/lib/thumb/v7e-m+fp/hard\libnosys.a
END GROUP
LOAD C:/ST/STM32CubeIDE_1.18.0/STM32CubeIDE/plugins/com.st.stm32cube.ide.mcu.externaltools.gnu-tools-for-stm32.13.3.rel1.win32_1.0.0.202411081344/tools/bin/../lib/gcc/arm-none-eabi/13.3.1/thumb/v7e-m+fp/hard/crtend.o
LOAD C:/ST/STM32CubeIDE_1.18.0/STM32CubeIDE/plugins/com.st.stm32cube.ide.mcu.externaltools.gnu-tools-for-stm32.13.3.rel1.win32_1.0.0.202411081344/tools/bin/../lib/gcc/arm-none-eabi/13.3.1/thumb/v7e-m+fp/hard/crtn.o
                0x20020000                        _estack = (ORIGIN (RAM) + LENGTH (RAM))
                0x00000200                        _Min_Heap_Size = 0x200
                0x00000400                        _Min_Stack_Size = 0x400

.isr_vector     0x08000000      0x188
                0x08000000                        . = ALIGN (0x4)
 *(.isr_vector)
 .isr_vector    0x08000000      0x188 ./Core/Startup/startup_stm32f407vgtx.o
                0x08000000                g_pfnVectors
                0x08000188                        . = ALIGN (0x4)

.text           0x08000190     0xe294
                0x08000190                        . = ALIGN (0x4)
 *(.text)
 .text          0x08000190       0x40 C:/ST/STM32CubeIDE_1.18.0/STM32CubeIDE/plugins/com.st.stm32cube.ide.mcu.externaltools.gnu-tools-for-stm32.13.3.rel1.win32_1.0.0.202411081344/tools/bin/../lib/gcc/arm-none-eabi/13.3.1/thumb/v7e-m+fp/hard/crtbegin.o
 .text          0x080001d0       0xa0 C:/ST/STM32CubeIDE_1.18.0/STM32CubeIDE/plugins/com.st.stm32cube.ide.mcu.externaltools.gnu-tools-for-stm32.13.3.rel1.win32_1.0.0.202411081344/tools/bin/../lib/gcc/arm-none-eabi/13.3.1/../../../../arm-none-eabi/lib/thumb/v7e-m+fp/hard\libc_nano.a(libc_a-memchr.o)
                0x080001d0                memchr
 .text          0x08000270       0x10 C:/ST/STM32CubeIDE_1.18.0/STM32CubeIDE/plugins/com.st.stm32cube.ide.mcu.externaltools.gnu-tools-for-stm32.13.3.rel1.win32_1.0.0.202411081344/tools/bin/../lib/gcc/arm-none-eabi/13.3.1/../../../../arm-none-eabi/lib/thumb/v7e-m+fp/hard\libc_nano.a(libc_a-strlen.o)
                0x08000270                strlen
 .text          0x08000280      0x378 C:/ST/STM32CubeIDE_1.18.0/STM32CubeIDE/plugins/com.st.stm32cube.ide.mcu.externaltools.gnu-tools-for-stm32.13.3.rel1.win32_1.0.0.202411081344/tools/bin/../lib/gcc/arm-none-eabi/13.3.1/thumb/v7e-m+fp/hard\libgcc.a(_arm_addsubdf3.o)
                0x08000280                __aeabi_drsub
                0x08000288                __aeabi_dsub
                0x08000288                __subdf3
                0x0800028c                __aeabi_dadd
                0x0800028c                __adddf3
                0x08000504                __floatunsidf
                0x08000504                __aeabi_ui2d
                0x08000524                __floatsidf
                0x08000524                __aeabi_i2d
                0x08000548                __aeabi_f2d
                0x08000548                __extendsfdf2
                0x0800058c                __floatundidf
                0x0800058c                __aeabi_ul2d
                0x0800059c                __floatdidf
                0x0800059c                __aeabi_l2d
 .text          0x080005f8      0x424 C:/ST/STM32CubeIDE_1.18.0/STM32CubeIDE/plugins/com.st.stm32cube.ide.mcu.externaltools.gnu-tools-for-stm32.13.3.rel1.win32_1.0.0.202411081344/tools/bin/../lib/gcc/arm-none-eabi/13.3.1/thumb/v7e-m+fp/hard\libgcc.a(_arm_muldivdf3.o)
                0x080005f8                __aeabi_dmul
                0x080005f8                __muldf3
                0x0800084c                __divdf3
                0x0800084c                __aeabi_ddiv
 .text          0x08000a1c      0x110 C:/ST/STM32CubeIDE_1.18.0/STM32CubeIDE/plugins/com.st.stm32cube.ide.mcu.externaltools.gnu-tools-for-stm32.13.3.rel1.win32_1.0.0.202411081344/tools/bin/../lib/gcc/arm-none-eabi/13.3.1/thumb/v7e-m+fp/hard\libgcc.a(_arm_cmpdf2.o)
                0x08000a1c                __gtdf2
                0x08000a1c                __gedf2
                0x08000a24                __ltdf2
                0x08000a24                __ledf2
                0x08000a2c                __nedf2
                0x08000a2c                __eqdf2
                0x08000a2c                __cmpdf2
                0x08000aa8                __aeabi_cdrcmple
                0x08000ab8                __aeabi_cdcmpeq
                0x08000ab8                __aeabi_cdcmple
                0x08000ac8                __aeabi_dcmpeq
                0x08000adc                __aeabi_dcmplt
                0x08000af0                __aeabi_dcmple
                0x08000b04                __aeabi_dcmpge
                0x08000b18                __aeabi_dcmpgt
 .text          0x08000b2c       0x2c C:/ST/STM32CubeIDE_1.18.0/STM32CubeIDE/plugins/com.st.stm32cube.ide.mcu.externaltools.gnu-tools-for-stm32.13.3.rel1.win32_1.0.0.202411081344/tools/bin/../lib/gcc/arm-none-eabi/13.3.1/thumb/v7e-m+fp/hard\libgcc.a(_arm_unorddf2.o)
                0x08000b2c                __unorddf2
                0x08000b2c                __aeabi_dcmpun
 .text          0x08000b58       0x50 C:/ST/STM32CubeIDE_1.18.0/STM32CubeIDE/plugins/com.st.stm32cube.ide.mcu.externaltools.gnu-tools-for-stm32.13.3.rel1.win32_1.0.0.202411081344/tools/bin/../lib/gcc/arm-none-eabi/13.3.1/thumb/v7e-m+fp/hard\libgcc.a(_arm_fixdfsi.o)
                0x08000b58                __aeabi_d2iz
                0x08000b58                __fixdfsi
 .text          0x08000ba8       0xa0 C:/ST/STM32CubeIDE_1.18.0/STM32CubeIDE/plugins/com.st.stm32cube.ide.mcu.externaltools.gnu-tools-for-stm32.13.3.rel1.win32_1.0.0.202411081344/tools/bin/../lib/gcc/arm-none-eabi/13.3.1/thumb/v7e-m+fp/hard\libgcc.a(_arm_truncdfsf2.o)
                0x08000ba8                __truncdfsf2
                0x08000ba8                __aeabi_d2f
 .text          0x08000c48       0x30 C:/ST/STM32CubeIDE_1.18.0/STM32CubeIDE/plugins/com.st.stm32cube.ide.mcu.externaltools.gnu-tools-for-stm32.13.3.rel1.win32_1.0.0.202411081344/tools/bin/../lib/gcc/arm-none-eabi/13.3.1/thumb/v7e-m+fp/hard\libgcc.a(_aeabi_uldivmod.o)
                0x08000c48                __aeabi_uldivmod
 .text          0x08000c78      0x2f8 C:/ST/STM32CubeIDE_1.18.0/STM32CubeIDE/plugins/com.st.stm32cube.ide.mcu.externaltools.gnu-tools-for-stm32.13.3.rel1.win32_1.0.0.202411081344/tools/bin/../lib/gcc/arm-none-eabi/13.3.1/thumb/v7e-m+fp/hard\libgcc.a(_udivmoddi4.o)
                0x08000c78                __udivmoddi4
 .text          0x08000f70        0x4 C:/ST/STM32CubeIDE_1.18.0/STM32CubeIDE/plugins/com.st.stm32cube.ide.mcu.externaltools.gnu-tools-for-stm32.13.3.rel1.win32_1.0.0.202411081344/tools/bin/../lib/gcc/arm-none-eabi/13.3.1/thumb/v7e-m+fp/hard\libgcc.a(_dvmd_tls.o)
                0x08000f70                __aeabi_idiv0
                0x08000f70                __aeabi_ldiv0
 *(.text*)
 .text._ZN17MotorComputationsC2Ef
                0x08000f74       0x20 ./Core/Src/MotorComputations.o
                0x08000f74                MotorComputations::MotorComputations(float)
                0x08000f74                MotorComputations::MotorComputations(float)
 .text._ZNK17MotorComputations24computeTorqueFromCurrentEf
                0x08000f94       0x28 ./Core/Src/MotorComputations.o
                0x08000f94                MotorComputations::computeTorqueFromCurrent(float) const
 .text._ZNK17MotorComputations24computeCurrentFromTorqueEf
                0x08000fbc       0x2c ./Core/Src/MotorComputations.o
                0x08000fbc                MotorComputations::computeCurrentFromTorque(float) const
 .text._ZNK17MotorComputations12computeOmegaEf
                0x08000fe8       0x64 ./Core/Src/MotorComputations.o
                0x08000fe8                MotorComputations::computeOmega(float) const
 .text._ZNK17MotorComputations12computePowerEff
                0x0800104c       0x34 ./Core/Src/MotorComputations.o
                0x0800104c                MotorComputations::computePower(float, float) const
 .text._ZN17MotorComputations17setTorqueConstantEf
                0x08001080       0x1e ./Core/Src/MotorComputations.o
                0x08001080                MotorComputations::setTorqueConstant(float)
 .text._ZSt4fabsf
                0x0800109e       0x20 ./Core/Src/MotorController.o
                0x0800109e                std::fabs(float)
 *fill*         0x080010be        0x2 
 .text._ZN15MotorControllerC2EP20__UART_HandleTypeDefS1_f
                0x080010c0       0xa0 ./Core/Src/MotorController.o
                0x080010c0                MotorController::MotorController(__UART_HandleTypeDef*, __UART_HandleTypeDef*, float)
                0x080010c0                MotorController::MotorController(__UART_HandleTypeDef*, __UART_HandleTypeDef*, float)
 .text._ZN15MotorController12setDirectionE13DirectionMode
                0x08001160       0x1c ./Core/Src/MotorController.o
                0x08001160                MotorController::setDirection(DirectionMode)
 .text._ZN15MotorController14setControlModeE11ControlMode
                0x0800117c       0x1c ./Core/Src/MotorController.o
                0x0800117c                MotorController::setControlMode(ControlMode)
 .text._ZN15MotorController14setInstructionEf
                0x08001198       0x84 ./Core/Src/MotorController.o
                0x08001198                MotorController::setInstruction(float)
 .text._ZN15MotorController13setLinearGainEf
                0x0800121c       0x1e ./Core/Src/MotorController.o
                0x0800121c                MotorController::setLinearGain(float)
 .text._ZN15MotorController17setTorqueConstantEf
                0x0800123a       0x28 ./Core/Src/MotorController.o
                0x0800123a                MotorController::setTorqueConstant(float)
 .text._ZN15MotorController10setCadenceEff
                0x08001262       0x3c ./Core/Src/MotorController.o
                0x08001262                MotorController::setCadence(float, float)
 .text._ZN15MotorController9setTorqueEff
                0x0800129e       0x46 ./Core/Src/MotorController.o
                0x0800129e                MotorController::setTorque(float, float)
 .text._ZN15MotorController10getCadenceEv
                0x080012e4       0x4c ./Core/Src/MotorController.o
                0x080012e4                MotorController::getCadence()
 .text._ZN15MotorController9getTorqueEv
                0x08001330       0x68 ./Core/Src/MotorController.o
                0x08001330                MotorController::getTorque()
 .text._ZN15MotorController12getDutyCycleEv
                0x08001398       0x94 ./Core/Src/MotorController.o
                0x08001398                MotorController::getDutyCycle()
 .text._ZN15MotorController8getPowerEv
                0x0800142c       0x9c ./Core/Src/MotorController.o
                0x0800142c                MotorController::getPower()
 .text._ZN15MotorController14getControlModeEv
                0x080014c8       0x18 ./Core/Src/MotorController.o
                0x080014c8                MotorController::getControlMode()
 .text._ZN15MotorController7getGainEv
                0x080014e0       0x1e ./Core/Src/MotorController.o
                0x080014e0                MotorController::getGain()
 *fill*         0x080014fe        0x2 
 .text._ZN15MotorController18setPowerConcentricEff
                0x08001500       0xb0 ./Core/Src/MotorController.o
                0x08001500                MotorController::setPowerConcentric(float, float)
 .text._ZN15MotorController17setPowerEccentricEff
                0x080015b0       0xb4 ./Core/Src/MotorController.o
                0x080015b0                MotorController::setPowerEccentric(float, float)
 .text._ZN15MotorController9setLinearEff
                0x08001664       0x64 ./Core/Src/MotorController.o
                0x08001664                MotorController::setLinear(float, float)
 .text._ZN15MotorController6updateEf
                0x080016c8       0x30 ./Core/Src/MotorController.o
                0x080016c8                MotorController::update(float)
 .text._ZN15MotorController4stopEf
                0x080016f8       0xf4 ./Core/Src/MotorController.o
                0x080016f8                MotorController::stop(float)
 .text._ZN15MotorController14applyDirectionEf
                0x080017ec       0x30 ./Core/Src/MotorController.o
                0x080017ec                MotorController::applyDirection(float)
 .text._ZN15MotorController16updateFromScreenEv
                0x0800181c      0x100 ./Core/Src/MotorController.o
                0x0800181c                MotorController::updateFromScreen()
 .text._ZN15MotorController12updateScreenEv
                0x0800191c       0xbe ./Core/Src/MotorController.o
                0x0800191c                MotorController::updateScreen()
 *fill*         0x080019da        0x2 
 .text._ZN15MotorController23calibrateTorqueConstantEv
                0x080019dc       0xc4 ./Core/Src/MotorController.o
                0x080019dc                MotorController::calibrateTorqueConstant()
 .text._ZN15MotorController9getscreenEv
                0x08001aa0       0x18 ./Core/Src/MotorController.o
                0x08001aa0                MotorController::getscreen()
 .text._ZN13ScreenDisplayC2EP20__UART_HandleTypeDef
                0x08001ab8       0x1e ./Core/Src/ScreenDisplay.o
                0x08001ab8                ScreenDisplay::ScreenDisplay(__UART_HandleTypeDef*)
                0x08001ab8                ScreenDisplay::ScreenDisplay(__UART_HandleTypeDef*)
 *fill*         0x08001ad6        0x2 
 .text._ZN13ScreenDisplay11sendCommandEPKc
                0x08001ad8       0x54 ./Core/Src/ScreenDisplay.o
                0x08001ad8                ScreenDisplay::sendCommand(char const*)
 .text._ZN13ScreenDisplay8sendTextEPKcS1_
                0x08001b2c       0x38 ./Core/Src/ScreenDisplay.o
                0x08001b2c                ScreenDisplay::sendText(char const*, char const*)
 .text._ZN13ScreenDisplay9sendValueEPKcfS1_
                0x08001b64       0x58 ./Core/Src/ScreenDisplay.o
                0x08001b64                ScreenDisplay::sendValue(char const*, float, char const*)
 .text._ZN13ScreenDisplay11showCadenceEf
                0x08001bbc       0x2c ./Core/Src/ScreenDisplay.o
                0x08001bbc                ScreenDisplay::showCadence(float)
 .text._ZN13ScreenDisplay10showTorqueEf
                0x08001be8       0x2c ./Core/Src/ScreenDisplay.o
                0x08001be8                ScreenDisplay::showTorque(float)
 .text._ZN13ScreenDisplay9showPowerEf
                0x08001c14       0x2c ./Core/Src/ScreenDisplay.o
                0x08001c14                ScreenDisplay::showPower(float)
 .text._ZN13ScreenDisplay8showModeEPKc
                0x08001c40       0x20 ./Core/Src/ScreenDisplay.o
                0x08001c40                ScreenDisplay::showMode(char const*)
 .text._ZN13ScreenDisplay8showModeE11ControlMode
                0x08001c60       0x78 ./Core/Src/ScreenDisplay.o
                0x08001c60                ScreenDisplay::showMode(ControlMode)
 .text._ZN13ScreenDisplay8showGainEf
                0x08001cd8       0x2c ./Core/Src/ScreenDisplay.o
                0x08001cd8                ScreenDisplay::showGain(float)
 .text._ZN13ScreenDisplay9showErrorEPKc
                0x08001d04       0x20 ./Core/Src/ScreenDisplay.o
                0x08001d04                ScreenDisplay::showError(char const*)
 .text._ZN13ScreenDisplay11showWelcomeEv
                0x08001d24       0x24 ./Core/Src/ScreenDisplay.o
                0x08001d24                ScreenDisplay::showWelcome()
 .text._ZN13ScreenDisplay9readInt32Ev
                0x08001d48       0x5c ./Core/Src/ScreenDisplay.o
                0x08001d48                ScreenDisplay::readInt32()
 .text._ZN13ScreenDisplay14getUserCadenceEv
                0x08001da4       0x30 ./Core/Src/ScreenDisplay.o
                0x08001da4                ScreenDisplay::getUserCadence()
 .text._ZN13ScreenDisplay12getUserPowerEv
                0x08001dd4       0x30 ./Core/Src/ScreenDisplay.o
                0x08001dd4                ScreenDisplay::getUserPower()
 .text._ZN13ScreenDisplay13getUserTorqueEv
                0x08001e04       0x30 ./Core/Src/ScreenDisplay.o
                0x08001e04                ScreenDisplay::getUserTorque()
 .text._ZN13ScreenDisplay7getModeEv
                0x08001e34       0x5c ./Core/Src/ScreenDisplay.o
                0x08001e34                ScreenDisplay::getMode()
 .text._ZN13ScreenDisplay17getUserLinearGainEv
                0x08001e90       0x40 ./Core/Src/ScreenDisplay.o
                0x08001e90                ScreenDisplay::getUserLinearGain()
 .text._ZN13ScreenDisplay13showDutyCycleEf
                0x08001ed0       0x40 ./Core/Src/ScreenDisplay.o
                0x08001ed0                ScreenDisplay::showDutyCycle(float)
 .text._ZN13ScreenDisplay13showDirectionE13DirectionMode
                0x08001f10       0x38 ./Core/Src/ScreenDisplay.o
                0x08001f10                ScreenDisplay::showDirection(DirectionMode)
 .text._ZN13ScreenDisplay7getStopEv
                0x08001f48       0x30 ./Core/Src/ScreenDisplay.o
                0x08001f48                ScreenDisplay::getStop()
 .text._ZN13ScreenDisplay12getDirectionEv
                0x08001f78       0x30 ./Core/Src/ScreenDisplay.o
                0x08001f78                ScreenDisplay::getDirection()
 .text._ZN13ScreenDisplay19getCalibrateRequestEv
                0x08001fa8       0x30 ./Core/Src/ScreenDisplay.o
                0x08001fa8                ScreenDisplay::getCalibrateRequest()
 .text._ZN13ScreenDisplay21showCalibrationStatusEb
                0x08001fd8       0x3c ./Core/Src/ScreenDisplay.o
                0x08001fd8                ScreenDisplay::showCalibrationStatus(bool)
 .text._ZN13VESCInterfaceC2EP20__UART_HandleTypeDef
                0x08002014       0x54 ./Core/Src/VESCInterface.o
                0x08002014                VESCInterface::VESCInterface(__UART_HandleTypeDef*)
                0x08002014                VESCInterface::VESCInterface(__UART_HandleTypeDef*)
 .text._ZN13VESCInterface10setCurrentEf
                0x08002068       0x60 ./Core/Src/VESCInterface.o
                0x08002068                VESCInterface::setCurrent(float)
 .text._ZN13VESCInterface6setRPMEl
                0x080020c8       0x42 ./Core/Src/VESCInterface.o
                0x080020c8                VESCInterface::setRPM(long)
 *fill*         0x0800210a        0x2 
 .text._ZN13VESCInterface6getRPMEv
                0x0800210c       0x30 ./Core/Src/VESCInterface.o
                0x0800210c                VESCInterface::getRPM()
 .text._ZN13VESCInterface9getValuesEv
                0x0800213c       0xb2 ./Core/Src/VESCInterface.o
                0x0800213c                VESCInterface::getValues()
 *fill*         0x080021ee        0x2 
 .text._ZN13VESCInterface10getCurrentEv
                0x080021f0       0x90 ./Core/Src/VESCInterface.o
                0x080021f0                VESCInterface::getCurrent()
 .text._ZN13VESCInterface12getDutyCycleEv
                0x08002280       0x90 ./Core/Src/VESCInterface.o
                0x08002280                VESCInterface::getDutyCycle()
 .text._ZN13VESCInterface10sendPacketEPht
                0x08002310       0xd4 ./Core/Src/VESCInterface.o
                0x08002310                VESCInterface::sendPacket(unsigned char*, unsigned short)
 .text._ZN13VESCInterface13receivePacketEPhRtm
                0x080023e4       0xc2 ./Core/Src/VESCInterface.o
                0x080023e4                VESCInterface::receivePacket(unsigned char*, unsigned short&, unsigned long)
 .text._ZN13VESCInterface5crc16EPKht
                0x080024a6       0x96 ./Core/Src/VESCInterface.o
                0x080024a6                VESCInterface::crc16(unsigned char const*, unsigned short)
 .text.main     0x0800253c       0xe4 ./Core/Src/main.o
                0x0800253c                main
 .text._Z18SystemClock_Configv
                0x08002620       0xec ./Core/Src/main.o
                0x08002620                SystemClock_Config()
 .text._ZL12MX_I2C1_Initv
                0x0800270c       0x68 ./Core/Src/main.o
 .text._ZL12MX_I2S3_Initv
                0x08002774       0x68 ./Core/Src/main.o
 .text._ZL12MX_IWDG_Initv
                0x080027dc       0x40 ./Core/Src/main.o
 .text._ZL12MX_SPI1_Initv
                0x0800281c       0x78 ./Core/Src/main.o
 .text._ZL19MX_USART2_UART_Initv
                0x08002894       0x5c ./Core/Src/main.o
 .text._ZL19MX_USART3_UART_Initv
                0x080028f0       0x5c ./Core/Src/main.o
 .text._ZL12MX_GPIO_Initv
                0x0800294c      0x1fc ./Core/Src/main.o
 .text.Error_Handler
                0x08002b48        0xc ./Core/Src/main.o
                0x08002b48                Error_Handler
 .text.HAL_MspInit
                0x08002b54       0x50 ./Core/Src/stm32f4xx_hal_msp.o
                0x08002b54                HAL_MspInit
 .text.HAL_I2C_MspInit
                0x08002ba4       0x90 ./Core/Src/stm32f4xx_hal_msp.o
                0x08002ba4                HAL_I2C_MspInit
 .text.HAL_I2S_MspInit
                0x08002c34      0x100 ./Core/Src/stm32f4xx_hal_msp.o
                0x08002c34                HAL_I2S_MspInit
 .text.HAL_SPI_MspInit
                0x08002d34       0x90 ./Core/Src/stm32f4xx_hal_msp.o
                0x08002d34                HAL_SPI_MspInit
 .text.HAL_UART_MspInit
                0x08002dc4      0x140 ./Core/Src/stm32f4xx_hal_msp.o
                0x08002dc4                HAL_UART_MspInit
 .text.NMI_Handler
                0x08002f04        0x8 ./Core/Src/stm32f4xx_it.o
                0x08002f04                NMI_Handler
 .text.HardFault_Handler
                0x08002f0c        0x8 ./Core/Src/stm32f4xx_it.o
                0x08002f0c                HardFault_Handler
 .text.MemManage_Handler
                0x08002f14        0x8 ./Core/Src/stm32f4xx_it.o
                0x08002f14                MemManage_Handler
 .text.BusFault_Handler
                0x08002f1c        0x8 ./Core/Src/stm32f4xx_it.o
                0x08002f1c                BusFault_Handler
 .text.UsageFault_Handler
                0x08002f24        0x8 ./Core/Src/stm32f4xx_it.o
                0x08002f24                UsageFault_Handler
 .text.SVC_Handler
                0x08002f2c        0xe ./Core/Src/stm32f4xx_it.o
                0x08002f2c                SVC_Handler
 .text.DebugMon_Handler
                0x08002f3a        0xe ./Core/Src/stm32f4xx_it.o
                0x08002f3a                DebugMon_Handler
 .text.PendSV_Handler
                0x08002f48        0xe ./Core/Src/stm32f4xx_it.o
                0x08002f48                PendSV_Handler
 .text.SysTick_Handler
                0x08002f56        0xc ./Core/Src/stm32f4xx_it.o
                0x08002f56                SysTick_Handler
 *fill*         0x08002f62        0x2 
 .text.OTG_FS_IRQHandler
                0x08002f64       0x14 ./Core/Src/stm32f4xx_it.o
                0x08002f64                OTG_FS_IRQHandler
 .text._getpid  0x08002f78       0x10 ./Core/Src/syscalls.o
                0x08002f78                _getpid
 .text._kill    0x08002f88       0x20 ./Core/Src/syscalls.o
                0x08002f88                _kill
 .text._exit    0x08002fa8       0x16 ./Core/Src/syscalls.o
                0x08002fa8                _exit
 .text._read    0x08002fbe       0x3a ./Core/Src/syscalls.o
                0x08002fbe                _read
 .text._write   0x08002ff8       0x38 ./Core/Src/syscalls.o
                0x08002ff8                _write
 .text._close   0x08003030       0x18 ./Core/Src/syscalls.o
                0x08003030                _close
 .text._fstat   0x08003048       0x20 ./Core/Src/syscalls.o
                0x08003048                _fstat
 .text._isatty  0x08003068       0x16 ./Core/Src/syscalls.o
                0x08003068                _isatty
 .text._lseek   0x0800307e       0x1a ./Core/Src/syscalls.o
                0x0800307e                _lseek
 .text._sbrk    0x08003098       0x6c ./Core/Src/sysmem.o
                0x08003098                _sbrk
 .text.SystemInit
                0x08003104       0x24 ./Core/Src/system_stm32f4xx.o
                0x08003104                SystemInit
 .text.Reset_Handler
                0x08003128       0x50 ./Core/Startup/startup_stm32f407vgtx.o
                0x08003128                Reset_Handler
 .text.Default_Handler
                0x08003178        0x2 ./Core/Startup/startup_stm32f407vgtx.o
                0x08003178                RTC_Alarm_IRQHandler
                0x08003178                HASH_RNG_IRQHandler
                0x08003178                EXTI2_IRQHandler
                0x08003178                TIM8_CC_IRQHandler
                0x08003178                TIM1_CC_IRQHandler
                0x08003178                DMA2_Stream5_IRQHandler
                0x08003178                DMA1_Stream5_IRQHandler
                0x08003178                PVD_IRQHandler
                0x08003178                SDIO_IRQHandler
                0x08003178                TAMP_STAMP_IRQHandler
                0x08003178                CAN2_RX1_IRQHandler
                0x08003178                EXTI3_IRQHandler
                0x08003178                TIM8_TRG_COM_TIM14_IRQHandler
                0x08003178                TIM1_UP_TIM10_IRQHandler
                0x08003178                TIM8_UP_TIM13_IRQHandler
                0x08003178                I2C3_ER_IRQHandler
                0x08003178                EXTI0_IRQHandler
                0x08003178                I2C2_EV_IRQHandler
                0x08003178                DMA1_Stream2_IRQHandler
                0x08003178                CAN1_RX0_IRQHandler
                0x08003178                FPU_IRQHandler
                0x08003178                OTG_HS_WKUP_IRQHandler
                0x08003178                CAN2_SCE_IRQHandler
                0x08003178                DMA2_Stream2_IRQHandler
                0x08003178                SPI1_IRQHandler
                0x08003178                TIM6_DAC_IRQHandler
                0x08003178                TIM1_BRK_TIM9_IRQHandler
                0x08003178                DCMI_IRQHandler
                0x08003178                CAN2_RX0_IRQHandler
                0x08003178                DMA2_Stream3_IRQHandler
                0x08003178                USART6_IRQHandler
                0x08003178                USART3_IRQHandler
                0x08003178                CAN1_RX1_IRQHandler
                0x08003178                UART5_IRQHandler
                0x08003178                DMA2_Stream0_IRQHandler
                0x08003178                TIM4_IRQHandler
                0x08003178                I2C1_EV_IRQHandler
                0x08003178                DMA1_Stream6_IRQHandler
                0x08003178                DMA1_Stream1_IRQHandler
                0x08003178                UART4_IRQHandler
                0x08003178                TIM3_IRQHandler
                0x08003178                RCC_IRQHandler
                0x08003178                TIM8_BRK_TIM12_IRQHandler
                0x08003178                Default_Handler
                0x08003178                EXTI15_10_IRQHandler
                0x08003178                ADC_IRQHandler
                0x08003178                DMA1_Stream7_IRQHandler
                0x08003178                TIM7_IRQHandler
                0x08003178                CAN2_TX_IRQHandler
                0x08003178                TIM5_IRQHandler
                0x08003178                DMA2_Stream7_IRQHandler
                0x08003178                I2C3_EV_IRQHandler
                0x08003178                EXTI9_5_IRQHandler
                0x08003178                RTC_WKUP_IRQHandler
                0x08003178                ETH_WKUP_IRQHandler
                0x08003178                SPI2_IRQHandler
                0x08003178                OTG_HS_EP1_IN_IRQHandler
                0x08003178                DMA1_Stream0_IRQHandler
                0x08003178                CAN1_TX_IRQHandler
                0x08003178                EXTI4_IRQHandler
                0x08003178                FSMC_IRQHandler
                0x08003178                ETH_IRQHandler
                0x08003178                OTG_HS_EP1_OUT_IRQHandler
                0x08003178                WWDG_IRQHandler
                0x08003178                TIM2_IRQHandler
                0x08003178                OTG_FS_WKUP_IRQHandler
                0x08003178                TIM1_TRG_COM_TIM11_IRQHandler
                0x08003178                OTG_HS_IRQHandler
                0x08003178                EXTI1_IRQHandler
                0x08003178                USART2_IRQHandler
                0x08003178                I2C2_ER_IRQHandler
                0x08003178                DMA2_Stream1_IRQHandler
                0x08003178                CAN1_SCE_IRQHandler
                0x08003178                FLASH_IRQHandler
                0x08003178                DMA2_Stream4_IRQHandler
                0x08003178                USART1_IRQHandler
                0x08003178                SPI3_IRQHandler
                0x08003178                DMA1_Stream4_IRQHandler
                0x08003178                I2C1_ER_IRQHandler
                0x08003178                DMA2_Stream6_IRQHandler
                0x08003178                DMA1_Stream3_IRQHandler
 *fill*         0x0800317a        0x2 
 .text.HAL_Init
                0x0800317c       0x44 ./Drivers/STM32F4xx_HAL_Driver/Src/stm32f4xx_hal.o
                0x0800317c                HAL_Init
 .text.HAL_InitTick
                0x080031c0       0x60 ./Drivers/STM32F4xx_HAL_Driver/Src/stm32f4xx_hal.o
                0x080031c0                HAL_InitTick
 .text.HAL_IncTick
                0x08003220       0x28 ./Drivers/STM32F4xx_HAL_Driver/Src/stm32f4xx_hal.o
                0x08003220                HAL_IncTick
 .text.HAL_GetTick
                0x08003248       0x18 ./Drivers/STM32F4xx_HAL_Driver/Src/stm32f4xx_hal.o
                0x08003248                HAL_GetTick
 .text.HAL_Delay
                0x08003260       0x48 ./Drivers/STM32F4xx_HAL_Driver/Src/stm32f4xx_hal.o
                0x08003260                HAL_Delay
 .text.__NVIC_SetPriorityGrouping
                0x080032a8       0x48 ./Drivers/STM32F4xx_HAL_Driver/Src/stm32f4xx_hal_cortex.o
 .text.__NVIC_GetPriorityGrouping
                0x080032f0       0x1c ./Drivers/STM32F4xx_HAL_Driver/Src/stm32f4xx_hal_cortex.o
 .text.__NVIC_EnableIRQ
                0x0800330c       0x3c ./Drivers/STM32F4xx_HAL_Driver/Src/stm32f4xx_hal_cortex.o
 .text.__NVIC_SetPriority
                0x08003348       0x54 ./Drivers/STM32F4xx_HAL_Driver/Src/stm32f4xx_hal_cortex.o
 .text.NVIC_EncodePriority
                0x0800339c       0x66 ./Drivers/STM32F4xx_HAL_Driver/Src/stm32f4xx_hal_cortex.o
 *fill*         0x08003402        0x2 
 .text.SysTick_Config
                0x08003404       0x44 ./Drivers/STM32F4xx_HAL_Driver/Src/stm32f4xx_hal_cortex.o
 .text.HAL_NVIC_SetPriorityGrouping
                0x08003448       0x16 ./Drivers/STM32F4xx_HAL_Driver/Src/stm32f4xx_hal_cortex.o
                0x08003448                HAL_NVIC_SetPriorityGrouping
 .text.HAL_NVIC_SetPriority
                0x0800345e       0x38 ./Drivers/STM32F4xx_HAL_Driver/Src/stm32f4xx_hal_cortex.o
                0x0800345e                HAL_NVIC_SetPriority
 .text.HAL_NVIC_EnableIRQ
                0x08003496       0x1c ./Drivers/STM32F4xx_HAL_Driver/Src/stm32f4xx_hal_cortex.o
                0x08003496                HAL_NVIC_EnableIRQ
 .text.HAL_SYSTICK_Config
                0x080034b2       0x18 ./Drivers/STM32F4xx_HAL_Driver/Src/stm32f4xx_hal_cortex.o
                0x080034b2                HAL_SYSTICK_Config
 *fill*         0x080034ca        0x2 
 .text.HAL_GPIO_Init
                0x080034cc      0x338 ./Drivers/STM32F4xx_HAL_Driver/Src/stm32f4xx_hal_gpio.o
                0x080034cc                HAL_GPIO_Init
 .text.HAL_GPIO_WritePin
                0x08003804       0x32 ./Drivers/STM32F4xx_HAL_Driver/Src/stm32f4xx_hal_gpio.o
                0x08003804                HAL_GPIO_WritePin
 .text.HAL_HCD_Init
                0x08003836       0xce ./Drivers/STM32F4xx_HAL_Driver/Src/stm32f4xx_hal_hcd.o
                0x08003836                HAL_HCD_Init
 .text.HAL_HCD_HC_Init
                0x08003904      0x170 ./Drivers/STM32F4xx_HAL_Driver/Src/stm32f4xx_hal_hcd.o
                0x08003904                HAL_HCD_HC_Init
 .text.HAL_HCD_HC_Halt
                0x08003a74       0x46 ./Drivers/STM32F4xx_HAL_Driver/Src/stm32f4xx_hal_hcd.o
                0x08003a74                HAL_HCD_HC_Halt
 *fill*         0x08003aba        0x2 
 .text.HAL_HCD_HC_SubmitRequest
                0x08003abc      0x33c ./Drivers/STM32F4xx_HAL_Driver/Src/stm32f4xx_hal_hcd.o
                0x08003abc                HAL_HCD_HC_SubmitRequest
 .text.HAL_HCD_IRQHandler
                0x08003df8      0x220 ./Drivers/STM32F4xx_HAL_Driver/Src/stm32f4xx_hal_hcd.o
                0x08003df8                HAL_HCD_IRQHandler
 .text.HAL_HCD_Start
                0x08004018       0x46 ./Drivers/STM32F4xx_HAL_Driver/Src/stm32f4xx_hal_hcd.o
                0x08004018                HAL_HCD_Start
 .text.HAL_HCD_Stop
                0x0800405e       0x3a ./Drivers/STM32F4xx_HAL_Driver/Src/stm32f4xx_hal_hcd.o
                0x0800405e                HAL_HCD_Stop
 .text.HAL_HCD_ResetPort
                0x08004098       0x1c ./Drivers/STM32F4xx_HAL_Driver/Src/stm32f4xx_hal_hcd.o
                0x08004098                HAL_HCD_ResetPort
 .text.HAL_HCD_HC_GetURBState
                0x080040b4       0x2a ./Drivers/STM32F4xx_HAL_Driver/Src/stm32f4xx_hal_hcd.o
                0x080040b4                HAL_HCD_HC_GetURBState
 .text.HAL_HCD_HC_GetXferCount
                0x080040de       0x2a ./Drivers/STM32F4xx_HAL_Driver/Src/stm32f4xx_hal_hcd.o
                0x080040de                HAL_HCD_HC_GetXferCount
 .text.HAL_HCD_GetCurrentFrame
                0x08004108       0x1c ./Drivers/STM32F4xx_HAL_Driver/Src/stm32f4xx_hal_hcd.o
                0x08004108                HAL_HCD_GetCurrentFrame
 .text.HAL_HCD_GetCurrentSpeed
                0x08004124       0x1c ./Drivers/STM32F4xx_HAL_Driver/Src/stm32f4xx_hal_hcd.o
                0x08004124                HAL_HCD_GetCurrentSpeed
 .text.HAL_HCD_HC_ClearHubInfo
                0x08004140       0x6a ./Drivers/STM32F4xx_HAL_Driver/Src/stm32f4xx_hal_hcd.o
                0x08004140                HAL_HCD_HC_ClearHubInfo
 .text.HCD_HC_IN_IRQHandler
                0x080041aa      0xcd2 ./Drivers/STM32F4xx_HAL_Driver/Src/stm32f4xx_hal_hcd.o
 .text.HCD_HC_OUT_IRQHandler
                0x08004e7c      0x97e ./Drivers/STM32F4xx_HAL_Driver/Src/stm32f4xx_hal_hcd.o
 .text.HCD_RXQLVL_IRQHandler
                0x080057fa      0x1be ./Drivers/STM32F4xx_HAL_Driver/Src/stm32f4xx_hal_hcd.o
 .text.HCD_Port_IRQHandler
                0x080059b8       0xe6 ./Drivers/STM32F4xx_HAL_Driver/Src/stm32f4xx_hal_hcd.o
 *fill*         0x08005a9e        0x2 
 .text.HAL_I2C_Init
                0x08005aa0      0x288 ./Drivers/STM32F4xx_HAL_Driver/Src/stm32f4xx_hal_i2c.o
                0x08005aa0                HAL_I2C_Init
 .text.HAL_I2S_Init
                0x08005d28      0x280 ./Drivers/STM32F4xx_HAL_Driver/Src/stm32f4xx_hal_i2s.o
                0x08005d28                HAL_I2S_Init
 .text.HAL_I2S_TxCpltCallback
                0x08005fa8       0x14 ./Drivers/STM32F4xx_HAL_Driver/Src/stm32f4xx_hal_i2s.o
                0x08005fa8                HAL_I2S_TxCpltCallback
 .text.HAL_I2S_RxCpltCallback
                0x08005fbc       0x14 ./Drivers/STM32F4xx_HAL_Driver/Src/stm32f4xx_hal_i2s.o
                0x08005fbc                HAL_I2S_RxCpltCallback
 .text.HAL_I2S_ErrorCallback
                0x08005fd0       0x14 ./Drivers/STM32F4xx_HAL_Driver/Src/stm32f4xx_hal_i2s.o
                0x08005fd0                HAL_I2S_ErrorCallback
 .text.I2S_Transmit_IT
                0x08005fe4       0x5c ./Drivers/STM32F4xx_HAL_Driver/Src/stm32f4xx_hal_i2s.o
 .text.I2S_Receive_IT
                0x08006040       0x5e ./Drivers/STM32F4xx_HAL_Driver/Src/stm32f4xx_hal_i2s.o
 .text.I2S_IRQHandler
                0x0800609e      0x114 ./Drivers/STM32F4xx_HAL_Driver/Src/stm32f4xx_hal_i2s.o
 *fill*         0x080061b2        0x2 
 .text.HAL_I2SEx_FullDuplex_IRQHandler
                0x080061b4      0x2a8 ./Drivers/STM32F4xx_HAL_Driver/Src/stm32f4xx_hal_i2s_ex.o
                0x080061b4                HAL_I2SEx_FullDuplex_IRQHandler
 .text.HAL_I2SEx_TxRxCpltCallback
                0x0800645c       0x14 ./Drivers/STM32F4xx_HAL_Driver/Src/stm32f4xx_hal_i2s_ex.o
                0x0800645c                HAL_I2SEx_TxRxCpltCallback
 .text.I2SEx_TxISR_I2S
                0x08006470       0x62 ./Drivers/STM32F4xx_HAL_Driver/Src/stm32f4xx_hal_i2s_ex.o
 *fill*         0x080064d2        0x2 
 .text.I2SEx_TxISR_I2SExt
                0x080064d4       0x98 ./Drivers/STM32F4xx_HAL_Driver/Src/stm32f4xx_hal_i2s_ex.o
 .text.I2SEx_RxISR_I2S
                0x0800656c       0x64 ./Drivers/STM32F4xx_HAL_Driver/Src/stm32f4xx_hal_i2s_ex.o
 .text.I2SEx_RxISR_I2SExt
                0x080065d0       0x98 ./Drivers/STM32F4xx_HAL_Driver/Src/stm32f4xx_hal_i2s_ex.o
 .text.HAL_IWDG_Init
                0x08006668       0x84 ./Drivers/STM32F4xx_HAL_Driver/Src/stm32f4xx_hal_iwdg.o
                0x08006668                HAL_IWDG_Init
 .text.HAL_IWDG_Refresh
                0x080066ec       0x20 ./Drivers/STM32F4xx_HAL_Driver/Src/stm32f4xx_hal_iwdg.o
                0x080066ec                HAL_IWDG_Refresh
 .text.HAL_RCC_OscConfig
                0x0800670c      0x4f0 ./Drivers/STM32F4xx_HAL_Driver/Src/stm32f4xx_hal_rcc.o
                0x0800670c                HAL_RCC_OscConfig
 .text.HAL_RCC_ClockConfig
                0x08006bfc      0x1cc ./Drivers/STM32F4xx_HAL_Driver/Src/stm32f4xx_hal_rcc.o
                0x08006bfc                HAL_RCC_ClockConfig
 .text.HAL_RCC_GetSysClockFreq
                0x08006dc8      0x20c ./Drivers/STM32F4xx_HAL_Driver/Src/stm32f4xx_hal_rcc.o
                0x08006dc8                HAL_RCC_GetSysClockFreq
 .text.HAL_RCC_GetHCLKFreq
                0x08006fd4       0x18 ./Drivers/STM32F4xx_HAL_Driver/Src/stm32f4xx_hal_rcc.o
                0x08006fd4                HAL_RCC_GetHCLKFreq
 .text.HAL_RCC_GetPCLK1Freq
                0x08006fec       0x28 ./Drivers/STM32F4xx_HAL_Driver/Src/stm32f4xx_hal_rcc.o
                0x08006fec                HAL_RCC_GetPCLK1Freq
 .text.HAL_RCC_GetPCLK2Freq
                0x08007014       0x28 ./Drivers/STM32F4xx_HAL_Driver/Src/stm32f4xx_hal_rcc.o
                0x08007014                HAL_RCC_GetPCLK2Freq
 .text.HAL_RCCEx_PeriphCLKConfig
                0x0800703c      0x1c4 ./Drivers/STM32F4xx_HAL_Driver/Src/stm32f4xx_hal_rcc_ex.o
                0x0800703c                HAL_RCCEx_PeriphCLKConfig
 .text.HAL_RCCEx_GetPeriphCLKFreq
                0x08007200       0xc0 ./Drivers/STM32F4xx_HAL_Driver/Src/stm32f4xx_hal_rcc_ex.o
                0x08007200                HAL_RCCEx_GetPeriphCLKFreq
 .text.HAL_SPI_Init
                0x080072c0      0x112 ./Drivers/STM32F4xx_HAL_Driver/Src/stm32f4xx_hal_spi.o
                0x080072c0                HAL_SPI_Init
 .text.HAL_UART_Init
                0x080073d2       0xa0 ./Drivers/STM32F4xx_HAL_Driver/Src/stm32f4xx_hal_uart.o
                0x080073d2                HAL_UART_Init
 .text.HAL_UART_Transmit
                0x08007472      0x116 ./Drivers/STM32F4xx_HAL_Driver/Src/stm32f4xx_hal_uart.o
                0x08007472                HAL_UART_Transmit
 .text.HAL_UART_Receive
                0x08007588      0x12e ./Drivers/STM32F4xx_HAL_Driver/Src/stm32f4xx_hal_uart.o
                0x08007588                HAL_UART_Receive
 .text.UART_WaitOnFlagUntilTimeout
                0x080076b6       0xb2 ./Drivers/STM32F4xx_HAL_Driver/Src/stm32f4xx_hal_uart.o
 .text.UART_EndRxTransfer
                0x08007768       0xc6 ./Drivers/STM32F4xx_HAL_Driver/Src/stm32f4xx_hal_uart.o
 *fill*         0x0800782e        0x2 
 .text.UART_SetConfig
                0x08007830      0x4e8 ./Drivers/STM32F4xx_HAL_Driver/Src/stm32f4xx_hal_uart.o
 .text.USB_CoreInit
                0x08007d18       0xc8 ./Drivers/STM32F4xx_HAL_Driver/Src/stm32f4xx_ll_usb.o
                0x08007d18                USB_CoreInit
 .text.USB_EnableGlobalInt
                0x08007de0       0x22 ./Drivers/STM32F4xx_HAL_Driver/Src/stm32f4xx_ll_usb.o
                0x08007de0                USB_EnableGlobalInt
 .text.USB_DisableGlobalInt
                0x08007e02       0x22 ./Drivers/STM32F4xx_HAL_Driver/Src/stm32f4xx_ll_usb.o
                0x08007e02                USB_DisableGlobalInt
 .text.USB_SetCurrentMode
                0x08007e24       0x98 ./Drivers/STM32F4xx_HAL_Driver/Src/stm32f4xx_ll_usb.o
                0x08007e24                USB_SetCurrentMode
 .text.USB_FlushTxFifo
                0x08007ebc       0x64 ./Drivers/STM32F4xx_HAL_Driver/Src/stm32f4xx_ll_usb.o
                0x08007ebc                USB_FlushTxFifo
 .text.USB_FlushRxFifo
                0x08007f20       0x5c ./Drivers/STM32F4xx_HAL_Driver/Src/stm32f4xx_ll_usb.o
                0x08007f20                USB_FlushRxFifo
 .text.USB_WritePacket
                0x08007f7c       0x7c ./Drivers/STM32F4xx_HAL_Driver/Src/stm32f4xx_ll_usb.o
                0x08007f7c                USB_WritePacket
 .text.USB_ReadPacket
                0x08007ff8       0xb0 ./Drivers/STM32F4xx_HAL_Driver/Src/stm32f4xx_ll_usb.o
                0x08007ff8                USB_ReadPacket
 .text.USB_ReadInterrupts
                0x080080a8       0x26 ./Drivers/STM32F4xx_HAL_Driver/Src/stm32f4xx_ll_usb.o
                0x080080a8                USB_ReadInterrupts
 .text.USB_ReadChInterrupts
                0x080080ce       0x42 ./Drivers/STM32F4xx_HAL_Driver/Src/stm32f4xx_ll_usb.o
                0x080080ce                USB_ReadChInterrupts
 .text.USB_GetMode
                0x08008110       0x1c ./Drivers/STM32F4xx_HAL_Driver/Src/stm32f4xx_ll_usb.o
                0x08008110                USB_GetMode
 .text.USB_CoreReset
                0x0800812c       0x62 ./Drivers/STM32F4xx_HAL_Driver/Src/stm32f4xx_ll_usb.o
 *fill*         0x0800818e        0x2 
 .text.USB_HostInit
                0x08008190      0x188 ./Drivers/STM32F4xx_HAL_Driver/Src/stm32f4xx_ll_usb.o
                0x08008190                USB_HostInit
 .text.USB_InitFSLSPClkSel
                0x08008318       0x7a ./Drivers/STM32F4xx_HAL_Driver/Src/stm32f4xx_ll_usb.o
                0x08008318                USB_InitFSLSPClkSel
 .text.USB_ResetPort
                0x08008392       0x54 ./Drivers/STM32F4xx_HAL_Driver/Src/stm32f4xx_ll_usb.o
                0x08008392                USB_ResetPort
 .text.USB_DriveVbus
                0x080083e6       0x72 ./Drivers/STM32F4xx_HAL_Driver/Src/stm32f4xx_ll_usb.o
                0x080083e6                USB_DriveVbus
 .text.USB_GetHostSpeed
                0x08008458       0x2e ./Drivers/STM32F4xx_HAL_Driver/Src/stm32f4xx_ll_usb.o
                0x08008458                USB_GetHostSpeed
 .text.USB_GetCurrentFrame
                0x08008486       0x22 ./Drivers/STM32F4xx_HAL_Driver/Src/stm32f4xx_ll_usb.o
                0x08008486                USB_GetCurrentFrame
 .text.USB_HC_Init
                0x080084a8      0x258 ./Drivers/STM32F4xx_HAL_Driver/Src/stm32f4xx_ll_usb.o
                0x080084a8                USB_HC_Init
 .text.USB_HC_StartXfer
                0x08008700      0x4f4 ./Drivers/STM32F4xx_HAL_Driver/Src/stm32f4xx_ll_usb.o
                0x08008700                USB_HC_StartXfer
 .text.USB_HC_ReadInterrupt
                0x08008bf4       0x22 ./Drivers/STM32F4xx_HAL_Driver/Src/stm32f4xx_ll_usb.o
                0x08008bf4                USB_HC_ReadInterrupt
 .text.USB_HC_Halt
                0x08008c16      0x240 ./Drivers/STM32F4xx_HAL_Driver/Src/stm32f4xx_ll_usb.o
                0x08008c16                USB_HC_Halt
 *fill*         0x08008e56        0x2 
 .text.USB_DoPing
                0x08008e58       0x78 ./Drivers/STM32F4xx_HAL_Driver/Src/stm32f4xx_ll_usb.o
                0x08008e58                USB_DoPing
 .text.USB_StopHost
                0x08008ed0      0x124 ./Drivers/STM32F4xx_HAL_Driver/Src/stm32f4xx_ll_usb.o
                0x08008ed0                USB_StopHost
 .text.USBH_CDC_InterfaceInit
                0x08008ff4      0x2ac ./Middlewares/ST/STM32_USB_Host_Library/Class/CDC/Src/usbh_cdc.o
 .text.USBH_CDC_InterfaceDeInit
                0x080092a0       0xb2 ./Middlewares/ST/STM32_USB_Host_Library/Class/CDC/Src/usbh_cdc.o
 .text.USBH_CDC_ClassRequest
                0x08009352       0x3e ./Middlewares/ST/STM32_USB_Host_Library/Class/CDC/Src/usbh_cdc.o
 .text.USBH_CDC_Process
                0x08009390      0x12c ./Middlewares/ST/STM32_USB_Host_Library/Class/CDC/Src/usbh_cdc.o
 .text.USBH_CDC_SOFProcess
                0x080094bc       0x16 ./Middlewares/ST/STM32_USB_Host_Library/Class/CDC/Src/usbh_cdc.o
 .text.GetLineCoding
                0x080094d2       0x3e ./Middlewares/ST/STM32_USB_Host_Library/Class/CDC/Src/usbh_cdc.o
 .text.SetLineCoding
                0x08009510       0x3e ./Middlewares/ST/STM32_USB_Host_Library/Class/CDC/Src/usbh_cdc.o
 .text.CDC_ProcessTransmission
                0x0800954e       0xec ./Middlewares/ST/STM32_USB_Host_Library/Class/CDC/Src/usbh_cdc.o
 .text.CDC_ProcessReception
                0x0800963a       0xb6 ./Middlewares/ST/STM32_USB_Host_Library/Class/CDC/Src/usbh_cdc.o
 .text.USBH_CDC_TransmitCallback
                0x080096f0       0x14 ./Middlewares/ST/STM32_USB_Host_Library/Class/CDC/Src/usbh_cdc.o
                0x080096f0                USBH_CDC_TransmitCallback
 .text.USBH_CDC_ReceiveCallback
                0x08009704       0x14 ./Middlewares/ST/STM32_USB_Host_Library/Class/CDC/Src/usbh_cdc.o
                0x08009704                USBH_CDC_ReceiveCallback
 .text.USBH_CDC_LineCodingChanged
                0x08009718       0x14 ./Middlewares/ST/STM32_USB_Host_Library/Class/CDC/Src/usbh_cdc.o
                0x08009718                USBH_CDC_LineCodingChanged
 .text.USBH_Init
                0x0800972c       0x74 ./Middlewares/ST/STM32_USB_Host_Library/Core/Src/usbh_core.o
                0x0800972c                USBH_Init
 .text.DeInitStateMachine
                0x080097a0       0xe6 ./Middlewares/ST/STM32_USB_Host_Library/Core/Src/usbh_core.o
 .text.USBH_RegisterClass
                0x08009886       0x54 ./Middlewares/ST/STM32_USB_Host_Library/Core/Src/usbh_core.o
                0x08009886                USBH_RegisterClass
 .text.USBH_SelectInterface
                0x080098da       0x38 ./Middlewares/ST/STM32_USB_Host_Library/Core/Src/usbh_core.o
                0x080098da                USBH_SelectInterface
 .text.USBH_FindInterface
                0x08009912       0x8c ./Middlewares/ST/STM32_USB_Host_Library/Core/Src/usbh_core.o
                0x08009912                USBH_FindInterface
 .text.USBH_Start
                0x0800999e       0x20 ./Middlewares/ST/STM32_USB_Host_Library/Core/Src/usbh_core.o
                0x0800999e                USBH_Start
 *fill*         0x080099be        0x2 
 .text.USBH_Process
                0x080099c0      0x3d0 ./Middlewares/ST/STM32_USB_Host_Library/Core/Src/usbh_core.o
                0x080099c0                USBH_Process
 .text.USBH_HandleEnum
                0x08009d90      0x3c0 ./Middlewares/ST/STM32_USB_Host_Library/Core/Src/usbh_core.o
 .text.USBH_LL_SetTimer
                0x0800a150       0x1e ./Middlewares/ST/STM32_USB_Host_Library/Core/Src/usbh_core.o
                0x0800a150                USBH_LL_SetTimer
 .text.USBH_LL_IncTimer
                0x0800a16e       0x24 ./Middlewares/ST/STM32_USB_Host_Library/Core/Src/usbh_core.o
                0x0800a16e                USBH_LL_IncTimer
 .text.USBH_HandleSof
                0x0800a192       0x30 ./Middlewares/ST/STM32_USB_Host_Library/Core/Src/usbh_core.o
 .text.USBH_LL_PortEnabled
                0x0800a1c2       0x1c ./Middlewares/ST/STM32_USB_Host_Library/Core/Src/usbh_core.o
                0x0800a1c2                USBH_LL_PortEnabled
 .text.USBH_LL_PortDisabled
                0x0800a1de       0x1c ./Middlewares/ST/STM32_USB_Host_Library/Core/Src/usbh_core.o
                0x0800a1de                USBH_LL_PortDisabled
 .text.USBH_LL_Connect
                0x0800a1fa       0x2e ./Middlewares/ST/STM32_USB_Host_Library/Core/Src/usbh_core.o
                0x0800a1fa                USBH_LL_Connect
 .text.USBH_LL_Disconnect
                0x0800a228       0x48 ./Middlewares/ST/STM32_USB_Host_Library/Core/Src/usbh_core.o
                0x0800a228                USBH_LL_Disconnect
 .text.USBH_Get_DevDesc
                0x0800a270       0x58 ./Middlewares/ST/STM32_USB_Host_Library/Core/Src/usbh_ctlreq.o
                0x0800a270                USBH_Get_DevDesc
 .text.USBH_Get_CfgDesc
                0x0800a2c8       0x54 ./Middlewares/ST/STM32_USB_Host_Library/Core/Src/usbh_ctlreq.o
                0x0800a2c8                USBH_Get_CfgDesc
 .text.USBH_Get_StringDesc
                0x0800a31c       0x68 ./Middlewares/ST/STM32_USB_Host_Library/Core/Src/usbh_ctlreq.o
                0x0800a31c                USBH_Get_StringDesc
 .text.USBH_GetDescriptor
                0x0800a384       0x6a ./Middlewares/ST/STM32_USB_Host_Library/Core/Src/usbh_ctlreq.o
                0x0800a384                USBH_GetDescriptor
 .text.USBH_SetAddress
                0x0800a3ee       0x48 ./Middlewares/ST/STM32_USB_Host_Library/Core/Src/usbh_ctlreq.o
                0x0800a3ee                USBH_SetAddress
 .text.USBH_SetCfg
                0x0800a436       0x46 ./Middlewares/ST/STM32_USB_Host_Library/Core/Src/usbh_ctlreq.o
                0x0800a436                USBH_SetCfg
 .text.USBH_SetFeature
                0x0800a47c       0x48 ./Middlewares/ST/STM32_USB_Host_Library/Core/Src/usbh_ctlreq.o
                0x0800a47c                USBH_SetFeature
 .text.USBH_ClrFeature
                0x0800a4c4       0x48 ./Middlewares/ST/STM32_USB_Host_Library/Core/Src/usbh_ctlreq.o
                0x0800a4c4                USBH_ClrFeature
 .text.USBH_ParseDevDesc
                0x0800a50c      0x160 ./Middlewares/ST/STM32_USB_Host_Library/Core/Src/usbh_ctlreq.o
 .text.USBH_ParseCfgDesc
                0x0800a66c      0x1f0 ./Middlewares/ST/STM32_USB_Host_Library/Core/Src/usbh_ctlreq.o
 .text.USBH_ParseInterfaceDesc
                0x0800a85c       0x68 ./Middlewares/ST/STM32_USB_Host_Library/Core/Src/usbh_ctlreq.o
 .text.USBH_ParseEPDesc
                0x0800a8c4      0x1d0 ./Middlewares/ST/STM32_USB_Host_Library/Core/Src/usbh_ctlreq.o
 .text.USBH_ParseStringDesc
                0x0800aa94       0x66 ./Middlewares/ST/STM32_USB_Host_Library/Core/Src/usbh_ctlreq.o
 .text.USBH_GetNextDesc
                0x0800aafa       0x34 ./Middlewares/ST/STM32_USB_Host_Library/Core/Src/usbh_ctlreq.o
                0x0800aafa                USBH_GetNextDesc
 .text.USBH_CtlReq
                0x0800ab2e       0x7a ./Middlewares/ST/STM32_USB_Host_Library/Core/Src/usbh_ctlreq.o
                0x0800ab2e                USBH_CtlReq
 .text.USBH_HandleControl
                0x0800aba8      0x2e8 ./Middlewares/ST/STM32_USB_Host_Library/Core/Src/usbh_ctlreq.o
 .text.USBH_CtlSendSetup
                0x0800ae90       0x34 ./Middlewares/ST/STM32_USB_Host_Library/Core/Src/usbh_ioreq.o
                0x0800ae90                USBH_CtlSendSetup
 .text.USBH_CtlSendData
                0x0800aec4       0x4a ./Middlewares/ST/STM32_USB_Host_Library/Core/Src/usbh_ioreq.o
                0x0800aec4                USBH_CtlSendData
 .text.USBH_CtlReceiveData
                0x0800af0e       0x3c ./Middlewares/ST/STM32_USB_Host_Library/Core/Src/usbh_ioreq.o
                0x0800af0e                USBH_CtlReceiveData
 .text.USBH_BulkSendData
                0x0800af4a       0x4a ./Middlewares/ST/STM32_USB_Host_Library/Core/Src/usbh_ioreq.o
                0x0800af4a                USBH_BulkSendData
 .text.USBH_BulkReceiveData
                0x0800af94       0x3c ./Middlewares/ST/STM32_USB_Host_Library/Core/Src/usbh_ioreq.o
                0x0800af94                USBH_BulkReceiveData
 .text.USBH_OpenPipe
                0x0800afd0       0x3e ./Middlewares/ST/STM32_USB_Host_Library/Core/Src/usbh_pipes.o
                0x0800afd0                USBH_OpenPipe
 .text.USBH_ClosePipe
                0x0800b00e       0x20 ./Middlewares/ST/STM32_USB_Host_Library/Core/Src/usbh_pipes.o
                0x0800b00e                USBH_ClosePipe
 .text.USBH_AllocPipe
                0x0800b02e       0x42 ./Middlewares/ST/STM32_USB_Host_Library/Core/Src/usbh_pipes.o
                0x0800b02e                USBH_AllocPipe
 .text.USBH_FreePipe
                0x0800b070       0x3c ./Middlewares/ST/STM32_USB_Host_Library/Core/Src/usbh_pipes.o
                0x0800b070                USBH_FreePipe
 .text.USBH_GetFreePipe
                0x0800b0ac       0x48 ./Middlewares/ST/STM32_USB_Host_Library/Core/Src/usbh_pipes.o
 .text.MX_USB_HOST_Init
                0x0800b0f4       0x4c ./USB_HOST/App/usb_host.o
                0x0800b0f4                MX_USB_HOST_Init
 .text.MX_USB_HOST_Process
                0x0800b140       0x14 ./USB_HOST/App/usb_host.o
                0x0800b140                MX_USB_HOST_Process
 .text.USBH_UserProcess
                0x0800b154       0x5c ./USB_HOST/App/usb_host.o
 .text.HAL_HCD_MspInit
                0x0800b1b0       0xc4 ./USB_HOST/Target/usbh_conf.o
                0x0800b1b0                HAL_HCD_MspInit
 .text.HAL_HCD_SOF_Callback
                0x0800b274       0x1c ./USB_HOST/Target/usbh_conf.o
                0x0800b274                HAL_HCD_SOF_Callback
 .text.HAL_HCD_Connect_Callback
                0x0800b290       0x1c ./USB_HOST/Target/usbh_conf.o
                0x0800b290                HAL_HCD_Connect_Callback
 .text.HAL_HCD_Disconnect_Callback
                0x0800b2ac       0x1c ./USB_HOST/Target/usbh_conf.o
                0x0800b2ac                HAL_HCD_Disconnect_Callback
 .text.HAL_HCD_HC_NotifyURBChange_Callback
                0x0800b2c8       0x1c ./USB_HOST/Target/usbh_conf.o
                0x0800b2c8                HAL_HCD_HC_NotifyURBChange_Callback
 .text.HAL_HCD_PortEnabled_Callback
                0x0800b2e4       0x1c ./USB_HOST/Target/usbh_conf.o
                0x0800b2e4                HAL_HCD_PortEnabled_Callback
 .text.HAL_HCD_PortDisabled_Callback
                0x0800b300       0x1c ./USB_HOST/Target/usbh_conf.o
                0x0800b300                HAL_HCD_PortDisabled_Callback
 .text.USBH_LL_Init
                0x0800b31c       0x78 ./USB_HOST/Target/usbh_conf.o
                0x0800b31c                USBH_LL_Init
 .text.USBH_LL_Start
                0x0800b394       0x36 ./USB_HOST/Target/usbh_conf.o
                0x0800b394                USBH_LL_Start
 .text.USBH_LL_Stop
                0x0800b3ca       0x36 ./USB_HOST/Target/usbh_conf.o
                0x0800b3ca                USBH_LL_Stop
 .text.USBH_LL_GetSpeed
                0x0800b400       0x4e ./USB_HOST/Target/usbh_conf.o
                0x0800b400                USBH_LL_GetSpeed
 .text.USBH_LL_ResetPort
                0x0800b44e       0x36 ./USB_HOST/Target/usbh_conf.o
                0x0800b44e                USBH_LL_ResetPort
 .text.USBH_LL_GetLastXferSize
                0x0800b484       0x26 ./USB_HOST/Target/usbh_conf.o
                0x0800b484                USBH_LL_GetLastXferSize
 .text.USBH_LL_OpenPipe
                0x0800b4aa       0x5e ./USB_HOST/Target/usbh_conf.o
                0x0800b4aa                USBH_LL_OpenPipe
 .text.USBH_LL_ClosePipe
                0x0800b508       0x3e ./USB_HOST/Target/usbh_conf.o
                0x0800b508                USBH_LL_ClosePipe
 .text.USBH_LL_SubmitURB
                0x0800b546       0x62 ./USB_HOST/Target/usbh_conf.o
                0x0800b546                USBH_LL_SubmitURB
 .text.USBH_LL_GetURBState
                0x0800b5a8       0x26 ./USB_HOST/Target/usbh_conf.o
                0x0800b5a8                USBH_LL_GetURBState
 .text.USBH_LL_DriverVBUS
                0x0800b5ce       0x2e ./USB_HOST/Target/usbh_conf.o
                0x0800b5ce                USBH_LL_DriverVBUS
 .text.USBH_LL_SetToggle
                0x0800b5fc       0x66 ./USB_HOST/Target/usbh_conf.o
                0x0800b5fc                USBH_LL_SetToggle
 .text.USBH_Delay
                0x0800b662       0x16 ./USB_HOST/Target/usbh_conf.o
                0x0800b662                USBH_Delay
 .text.USBH_Get_USB_Status
                0x0800b678       0x58 ./USB_HOST/Target/usbh_conf.o
                0x0800b678                USBH_Get_USB_Status
 .text.MX_DriverVbusFS
                0x0800b6d0       0x38 ./USB_HOST/Target/usbh_platform.o
                0x0800b6d0                MX_DriverVbusFS
 .text._Znwj    0x0800b708       0x22 C:/ST/STM32CubeIDE_1.18.0/STM32CubeIDE/plugins/com.st.stm32cube.ide.mcu.externaltools.gnu-tools-for-stm32.13.3.rel1.win32_1.0.0.202411081344/tools/bin/../lib/gcc/arm-none-eabi/13.3.1/../../../../arm-none-eabi/lib/thumb/v7e-m+fp/hard\libstdc++_nano.a(new_op.o)
                0x0800b708                operator new(unsigned int)
 *fill*         0x0800b72a        0x2 
 .text._ZSt15get_new_handlerv
                0x0800b72c       0x10 C:/ST/STM32CubeIDE_1.18.0/STM32CubeIDE/plugins/com.st.stm32cube.ide.mcu.externaltools.gnu-tools-for-stm32.13.3.rel1.win32_1.0.0.202411081344/tools/bin/../lib/gcc/arm-none-eabi/13.3.1/../../../../arm-none-eabi/lib/thumb/v7e-m+fp/hard\libstdc++_nano.a(new_handler.o)
                0x0800b72c                std::get_new_handler()
 .text.abort    0x0800b73c        0xe C:/ST/STM32CubeIDE_1.18.0/STM32CubeIDE/plugins/com.st.stm32cube.ide.mcu.externaltools.gnu-tools-for-stm32.13.3.rel1.win32_1.0.0.202411081344/tools/bin/../lib/gcc/arm-none-eabi/13.3.1/../../../../arm-none-eabi/lib/thumb/v7e-m+fp/hard\libc_nano.a(libc_a-abort.o)
                0x0800b73c                abort
 *fill*         0x0800b74a        0x2 
 .text.malloc   0x0800b74c       0x10 C:/ST/STM32CubeIDE_1.18.0/STM32CubeIDE/plugins/com.st.stm32cube.ide.mcu.externaltools.gnu-tools-for-stm32.13.3.rel1.win32_1.0.0.202411081344/tools/bin/../lib/gcc/arm-none-eabi/13.3.1/../../../../arm-none-eabi/lib/thumb/v7e-m+fp/hard\libc_nano.a(libc_a-malloc.o)
                0x0800b74c                malloc
 .text.free     0x0800b75c       0x10 C:/ST/STM32CubeIDE_1.18.0/STM32CubeIDE/plugins/com.st.stm32cube.ide.mcu.externaltools.gnu-tools-for-stm32.13.3.rel1.win32_1.0.0.202411081344/tools/bin/../lib/gcc/arm-none-eabi/13.3.1/../../../../arm-none-eabi/lib/thumb/v7e-m+fp/hard\libc_nano.a(libc_a-malloc.o)
                0x0800b75c                free
 .text.sbrk_aligned
                0x0800b76c       0x44 C:/ST/STM32CubeIDE_1.18.0/STM32CubeIDE/plugins/com.st.stm32cube.ide.mcu.externaltools.gnu-tools-for-stm32.13.3.rel1.win32_1.0.0.202411081344/tools/bin/../lib/gcc/arm-none-eabi/13.3.1/../../../../arm-none-eabi/lib/thumb/v7e-m+fp/hard\libc_nano.a(libc_a-mallocr.o)
 .text._malloc_r
                0x0800b7b0      0x100 C:/ST/STM32CubeIDE_1.18.0/STM32CubeIDE/plugins/com.st.stm32cube.ide.mcu.externaltools.gnu-tools-for-stm32.13.3.rel1.win32_1.0.0.202411081344/tools/bin/../lib/gcc/arm-none-eabi/13.3.1/../../../../arm-none-eabi/lib/thumb/v7e-m+fp/hard\libc_nano.a(libc_a-mallocr.o)
                0x0800b7b0                _malloc_r
 .text.__malloc_lock
                0x0800b8b0        0xc C:/ST/STM32CubeIDE_1.18.0/STM32CubeIDE/plugins/com.st.stm32cube.ide.mcu.externaltools.gnu-tools-for-stm32.13.3.rel1.win32_1.0.0.202411081344/tools/bin/../lib/gcc/arm-none-eabi/13.3.1/../../../../arm-none-eabi/lib/thumb/v7e-m+fp/hard\libc_nano.a(libc_a-mlock.o)
                0x0800b8b0                __malloc_lock
 .text.__malloc_unlock
                0x0800b8bc        0xc C:/ST/STM32CubeIDE_1.18.0/STM32CubeIDE/plugins/com.st.stm32cube.ide.mcu.externaltools.gnu-tools-for-stm32.13.3.rel1.win32_1.0.0.202411081344/tools/bin/../lib/gcc/arm-none-eabi/13.3.1/../../../../arm-none-eabi/lib/thumb/v7e-m+fp/hard\libc_nano.a(libc_a-mlock.o)
                0x0800b8bc                __malloc_unlock
 .text.__cvt    0x0800b8c8       0xca C:/ST/STM32CubeIDE_1.18.0/STM32CubeIDE/plugins/com.st.stm32cube.ide.mcu.externaltools.gnu-tools-for-stm32.13.3.rel1.win32_1.0.0.202411081344/tools/bin/../lib/gcc/arm-none-eabi/13.3.1/../../../../arm-none-eabi/lib/thumb/v7e-m+fp/hard\libc_nano.a(libc_a-nano-vfprintf_float.o)
                0x0800b8c8                __cvt
 .text.__exponent
                0x0800b992       0x74 C:/ST/STM32CubeIDE_1.18.0/STM32CubeIDE/plugins/com.st.stm32cube.ide.mcu.externaltools.gnu-tools-for-stm32.13.3.rel1.win32_1.0.0.202411081344/tools/bin/../lib/gcc/arm-none-eabi/13.3.1/../../../../arm-none-eabi/lib/thumb/v7e-m+fp/hard\libc_nano.a(libc_a-nano-vfprintf_float.o)
                0x0800b992                __exponent
 *fill*         0x0800ba06        0x2 
 .text._printf_float
                0x0800ba08      0x454 C:/ST/STM32CubeIDE_1.18.0/STM32CubeIDE/plugins/com.st.stm32cube.ide.mcu.externaltools.gnu-tools-for-stm32.13.3.rel1.win32_1.0.0.202411081344/tools/bin/../lib/gcc/arm-none-eabi/13.3.1/../../../../arm-none-eabi/lib/thumb/v7e-m+fp/hard\libc_nano.a(libc_a-nano-vfprintf_float.o)
                0x0800ba08                _printf_float
 .text._printf_common
                0x0800be5c       0xda C:/ST/STM32CubeIDE_1.18.0/STM32CubeIDE/plugins/com.st.stm32cube.ide.mcu.externaltools.gnu-tools-for-stm32.13.3.rel1.win32_1.0.0.202411081344/tools/bin/../lib/gcc/arm-none-eabi/13.3.1/../../../../arm-none-eabi/lib/thumb/v7e-m+fp/hard\libc_nano.a(libc_a-nano-vfprintf_i.o)
                0x0800be5c                _printf_common
 *fill*         0x0800bf36        0x2 
 .text._printf_i
                0x0800bf38      0x23c C:/ST/STM32CubeIDE_1.18.0/STM32CubeIDE/plugins/com.st.stm32cube.ide.mcu.externaltools.gnu-tools-for-stm32.13.3.rel1.win32_1.0.0.202411081344/tools/bin/../lib/gcc/arm-none-eabi/13.3.1/../../../../arm-none-eabi/lib/thumb/v7e-m+fp/hard\libc_nano.a(libc_a-nano-vfprintf_i.o)
                0x0800bf38                _printf_i
 .text.std      0x0800c174       0x6c C:/ST/STM32CubeIDE_1.18.0/STM32CubeIDE/plugins/com.st.stm32cube.ide.mcu.externaltools.gnu-tools-for-stm32.13.3.rel1.win32_1.0.0.202411081344/tools/bin/../lib/gcc/arm-none-eabi/13.3.1/../../../../arm-none-eabi/lib/thumb/v7e-m+fp/hard\libc_nano.a(libc_a-findfp.o)
 .text.stdio_exit_handler
                0x0800c1e0       0x18 C:/ST/STM32CubeIDE_1.18.0/STM32CubeIDE/plugins/com.st.stm32cube.ide.mcu.externaltools.gnu-tools-for-stm32.13.3.rel1.win32_1.0.0.202411081344/tools/bin/../lib/gcc/arm-none-eabi/13.3.1/../../../../arm-none-eabi/lib/thumb/v7e-m+fp/hard\libc_nano.a(libc_a-findfp.o)
 .text.cleanup_stdio
                0x0800c1f8       0x40 C:/ST/STM32CubeIDE_1.18.0/STM32CubeIDE/plugins/com.st.stm32cube.ide.mcu.externaltools.gnu-tools-for-stm32.13.3.rel1.win32_1.0.0.202411081344/tools/bin/../lib/gcc/arm-none-eabi/13.3.1/../../../../arm-none-eabi/lib/thumb/v7e-m+fp/hard\libc_nano.a(libc_a-findfp.o)
 .text.global_stdio_init.part.0
                0x0800c238       0x3c C:/ST/STM32CubeIDE_1.18.0/STM32CubeIDE/plugins/com.st.stm32cube.ide.mcu.externaltools.gnu-tools-for-stm32.13.3.rel1.win32_1.0.0.202411081344/tools/bin/../lib/gcc/arm-none-eabi/13.3.1/../../../../arm-none-eabi/lib/thumb/v7e-m+fp/hard\libc_nano.a(libc_a-findfp.o)
 .text.__sfp_lock_acquire
                0x0800c274        0xc C:/ST/STM32CubeIDE_1.18.0/STM32CubeIDE/plugins/com.st.stm32cube.ide.mcu.externaltools.gnu-tools-for-stm32.13.3.rel1.win32_1.0.0.202411081344/tools/bin/../lib/gcc/arm-none-eabi/13.3.1/../../../../arm-none-eabi/lib/thumb/v7e-m+fp/hard\libc_nano.a(libc_a-findfp.o)
                0x0800c274                __sfp_lock_acquire
 .text.__sfp_lock_release
                0x0800c280        0xc C:/ST/STM32CubeIDE_1.18.0/STM32CubeIDE/plugins/com.st.stm32cube.ide.mcu.externaltools.gnu-tools-for-stm32.13.3.rel1.win32_1.0.0.202411081344/tools/bin/../lib/gcc/arm-none-eabi/13.3.1/../../../../arm-none-eabi/lib/thumb/v7e-m+fp/hard\libc_nano.a(libc_a-findfp.o)
                0x0800c280                __sfp_lock_release
 .text.__sinit  0x0800c28c       0x30 C:/ST/STM32CubeIDE_1.18.0/STM32CubeIDE/plugins/com.st.stm32cube.ide.mcu.externaltools.gnu-tools-for-stm32.13.3.rel1.win32_1.0.0.202411081344/tools/bin/../lib/gcc/arm-none-eabi/13.3.1/../../../../arm-none-eabi/lib/thumb/v7e-m+fp/hard\libc_nano.a(libc_a-findfp.o)
                0x0800c28c                __sinit
 .text._fwalk_sglue
                0x0800c2bc       0x3c C:/ST/STM32CubeIDE_1.18.0/STM32CubeIDE/plugins/com.st.stm32cube.ide.mcu.externaltools.gnu-tools-for-stm32.13.3.rel1.win32_1.0.0.202411081344/tools/bin/../lib/gcc/arm-none-eabi/13.3.1/../../../../arm-none-eabi/lib/thumb/v7e-m+fp/hard\libc_nano.a(libc_a-fwalk.o)
                0x0800c2bc                _fwalk_sglue
 .text.snprintf
                0x0800c2f8       0x6c C:/ST/STM32CubeIDE_1.18.0/STM32CubeIDE/plugins/com.st.stm32cube.ide.mcu.externaltools.gnu-tools-for-stm32.13.3.rel1.win32_1.0.0.202411081344/tools/bin/../lib/gcc/arm-none-eabi/13.3.1/../../../../arm-none-eabi/lib/thumb/v7e-m+fp/hard\libc_nano.a(libc_a-snprintf.o)
                0x0800c2f8                sniprintf
                0x0800c2f8                snprintf
 .text.__sread  0x0800c364       0x22 C:/ST/STM32CubeIDE_1.18.0/STM32CubeIDE/plugins/com.st.stm32cube.ide.mcu.externaltools.gnu-tools-for-stm32.13.3.rel1.win32_1.0.0.202411081344/tools/bin/../lib/gcc/arm-none-eabi/13.3.1/../../../../arm-none-eabi/lib/thumb/v7e-m+fp/hard\libc_nano.a(libc_a-stdio.o)
                0x0800c364                __sread
 .text.__swrite
                0x0800c386       0x38 C:/ST/STM32CubeIDE_1.18.0/STM32CubeIDE/plugins/com.st.stm32cube.ide.mcu.externaltools.gnu-tools-for-stm32.13.3.rel1.win32_1.0.0.202411081344/tools/bin/../lib/gcc/arm-none-eabi/13.3.1/../../../../arm-none-eabi/lib/thumb/v7e-m+fp/hard\libc_nano.a(libc_a-stdio.o)
                0x0800c386                __swrite
 .text.__sseek  0x0800c3be       0x24 C:/ST/STM32CubeIDE_1.18.0/STM32CubeIDE/plugins/com.st.stm32cube.ide.mcu.externaltools.gnu-tools-for-stm32.13.3.rel1.win32_1.0.0.202411081344/tools/bin/../lib/gcc/arm-none-eabi/13.3.1/../../../../arm-none-eabi/lib/thumb/v7e-m+fp/hard\libc_nano.a(libc_a-stdio.o)
                0x0800c3be                __sseek
 .text.__sclose
                0x0800c3e2        0x8 C:/ST/STM32CubeIDE_1.18.0/STM32CubeIDE/plugins/com.st.stm32cube.ide.mcu.externaltools.gnu-tools-for-stm32.13.3.rel1.win32_1.0.0.202411081344/tools/bin/../lib/gcc/arm-none-eabi/13.3.1/../../../../arm-none-eabi/lib/thumb/v7e-m+fp/hard\libc_nano.a(libc_a-stdio.o)
                0x0800c3e2                __sclose
 .text.memset   0x0800c3ea       0x10 C:/ST/STM32CubeIDE_1.18.0/STM32CubeIDE/plugins/com.st.stm32cube.ide.mcu.externaltools.gnu-tools-for-stm32.13.3.rel1.win32_1.0.0.202411081344/tools/bin/../lib/gcc/arm-none-eabi/13.3.1/../../../../arm-none-eabi/lib/thumb/v7e-m+fp/hard\libc_nano.a(libc_a-memset.o)
                0x0800c3ea                memset
 .text._raise_r
                0x0800c3fa       0x50 C:/ST/STM32CubeIDE_1.18.0/STM32CubeIDE/plugins/com.st.stm32cube.ide.mcu.externaltools.gnu-tools-for-stm32.13.3.rel1.win32_1.0.0.202411081344/tools/bin/../lib/gcc/arm-none-eabi/13.3.1/../../../../arm-none-eabi/lib/thumb/v7e-m+fp/hard\libc_nano.a(libc_a-signal.o)
                0x0800c3fa                _raise_r
 *fill*         0x0800c44a        0x2 
 .text.raise    0x0800c44c       0x10 C:/ST/STM32CubeIDE_1.18.0/STM32CubeIDE/plugins/com.st.stm32cube.ide.mcu.externaltools.gnu-tools-for-stm32.13.3.rel1.win32_1.0.0.202411081344/tools/bin/../lib/gcc/arm-none-eabi/13.3.1/../../../../arm-none-eabi/lib/thumb/v7e-m+fp/hard\libc_nano.a(libc_a-signal.o)
                0x0800c44c                raise
 .text._localeconv_r
                0x0800c45c        0x8 C:/ST/STM32CubeIDE_1.18.0/STM32CubeIDE/plugins/com.st.stm32cube.ide.mcu.externaltools.gnu-tools-for-stm32.13.3.rel1.win32_1.0.0.202411081344/tools/bin/../lib/gcc/arm-none-eabi/13.3.1/../../../../arm-none-eabi/lib/thumb/v7e-m+fp/hard\libc_nano.a(libc_a-localeconv.o)
                0x0800c45c                _localeconv_r
 .text._close_r
                0x0800c464       0x20 C:/ST/STM32CubeIDE_1.18.0/STM32CubeIDE/plugins/com.st.stm32cube.ide.mcu.externaltools.gnu-tools-for-stm32.13.3.rel1.win32_1.0.0.202411081344/tools/bin/../lib/gcc/arm-none-eabi/13.3.1/../../../../arm-none-eabi/lib/thumb/v7e-m+fp/hard\libc_nano.a(libc_a-closer.o)
                0x0800c464                _close_r
 .text._lseek_r
                0x0800c484       0x24 C:/ST/STM32CubeIDE_1.18.0/STM32CubeIDE/plugins/com.st.stm32cube.ide.mcu.externaltools.gnu-tools-for-stm32.13.3.rel1.win32_1.0.0.202411081344/tools/bin/../lib/gcc/arm-none-eabi/13.3.1/../../../../arm-none-eabi/lib/thumb/v7e-m+fp/hard\libc_nano.a(libc_a-lseekr.o)
                0x0800c484                _lseek_r
 .text._read_r  0x0800c4a8       0x24 C:/ST/STM32CubeIDE_1.18.0/STM32CubeIDE/plugins/com.st.stm32cube.ide.mcu.externaltools.gnu-tools-for-stm32.13.3.rel1.win32_1.0.0.202411081344/tools/bin/../lib/gcc/arm-none-eabi/13.3.1/../../../../arm-none-eabi/lib/thumb/v7e-m+fp/hard\libc_nano.a(libc_a-readr.o)
                0x0800c4a8                _read_r
 .text._kill_r  0x0800c4cc       0x24 C:/ST/STM32CubeIDE_1.18.0/STM32CubeIDE/plugins/com.st.stm32cube.ide.mcu.externaltools.gnu-tools-for-stm32.13.3.rel1.win32_1.0.0.202411081344/tools/bin/../lib/gcc/arm-none-eabi/13.3.1/../../../../arm-none-eabi/lib/thumb/v7e-m+fp/hard\libc_nano.a(libc_a-signalr.o)
                0x0800c4cc                _kill_r
 .text._getpid_r
                0x0800c4f0        0x4 C:/ST/STM32CubeIDE_1.18.0/STM32CubeIDE/plugins/com.st.stm32cube.ide.mcu.externaltools.gnu-tools-for-stm32.13.3.rel1.win32_1.0.0.202411081344/tools/bin/../lib/gcc/arm-none-eabi/13.3.1/../../../../arm-none-eabi/lib/thumb/v7e-m+fp/hard\libc_nano.a(libc_a-signalr.o)
                0x0800c4f0                _getpid_r
 .text._sbrk_r  0x0800c4f4       0x20 C:/ST/STM32CubeIDE_1.18.0/STM32CubeIDE/plugins/com.st.stm32cube.ide.mcu.externaltools.gnu-tools-for-stm32.13.3.rel1.win32_1.0.0.202411081344/tools/bin/../lib/gcc/arm-none-eabi/13.3.1/../../../../arm-none-eabi/lib/thumb/v7e-m+fp/hard\libc_nano.a(libc_a-sbrkr.o)
                0x0800c4f4                _sbrk_r
 .text._write_r
                0x0800c514       0x24 C:/ST/STM32CubeIDE_1.18.0/STM32CubeIDE/plugins/com.st.stm32cube.ide.mcu.externaltools.gnu-tools-for-stm32.13.3.rel1.win32_1.0.0.202411081344/tools/bin/../lib/gcc/arm-none-eabi/13.3.1/../../../../arm-none-eabi/lib/thumb/v7e-m+fp/hard\libc_nano.a(libc_a-writer.o)
                0x0800c514                _write_r
 .text.__errno  0x0800c538        0xc C:/ST/STM32CubeIDE_1.18.0/STM32CubeIDE/plugins/com.st.stm32cube.ide.mcu.externaltools.gnu-tools-for-stm32.13.3.rel1.win32_1.0.0.202411081344/tools/bin/../lib/gcc/arm-none-eabi/13.3.1/../../../../arm-none-eabi/lib/thumb/v7e-m+fp/hard\libc_nano.a(libc_a-errno.o)
                0x0800c538                __errno
 .text.__libc_init_array
                0x0800c544       0x48 C:/ST/STM32CubeIDE_1.18.0/STM32CubeIDE/plugins/com.st.stm32cube.ide.mcu.externaltools.gnu-tools-for-stm32.13.3.rel1.win32_1.0.0.202411081344/tools/bin/../lib/gcc/arm-none-eabi/13.3.1/../../../../arm-none-eabi/lib/thumb/v7e-m+fp/hard\libc_nano.a(libc_a-init.o)
                0x0800c544                __libc_init_array
 .text.__retarget_lock_init_recursive
                0x0800c58c        0x2 C:/ST/STM32CubeIDE_1.18.0/STM32CubeIDE/plugins/com.st.stm32cube.ide.mcu.externaltools.gnu-tools-for-stm32.13.3.rel1.win32_1.0.0.202411081344/tools/bin/../lib/gcc/arm-none-eabi/13.3.1/../../../../arm-none-eabi/lib/thumb/v7e-m+fp/hard\libc_nano.a(libc_a-lock.o)
                0x0800c58c                __retarget_lock_init_recursive
 .text.__retarget_lock_acquire_recursive
                0x0800c58e        0x2 C:/ST/STM32CubeIDE_1.18.0/STM32CubeIDE/plugins/com.st.stm32cube.ide.mcu.externaltools.gnu-tools-for-stm32.13.3.rel1.win32_1.0.0.202411081344/tools/bin/../lib/gcc/arm-none-eabi/13.3.1/../../../../arm-none-eabi/lib/thumb/v7e-m+fp/hard\libc_nano.a(libc_a-lock.o)
                0x0800c58e                __retarget_lock_acquire_recursive
 .text.__retarget_lock_release_recursive
                0x0800c590        0x2 C:/ST/STM32CubeIDE_1.18.0/STM32CubeIDE/plugins/com.st.stm32cube.ide.mcu.externaltools.gnu-tools-for-stm32.13.3.rel1.win32_1.0.0.202411081344/tools/bin/../lib/gcc/arm-none-eabi/13.3.1/../../../../arm-none-eabi/lib/thumb/v7e-m+fp/hard\libc_nano.a(libc_a-lock.o)
                0x0800c590                __retarget_lock_release_recursive
 .text.memcpy   0x0800c592       0x1c C:/ST/STM32CubeIDE_1.18.0/STM32CubeIDE/plugins/com.st.stm32cube.ide.mcu.externaltools.gnu-tools-for-stm32.13.3.rel1.win32_1.0.0.202411081344/tools/bin/../lib/gcc/arm-none-eabi/13.3.1/../../../../arm-none-eabi/lib/thumb/v7e-m+fp/hard\libc_nano.a(libc_a-memcpy-stub.o)
                0x0800c592                memcpy
 .text.quorem   0x0800c5ae      0x110 C:/ST/STM32CubeIDE_1.18.0/STM32CubeIDE/plugins/com.st.stm32cube.ide.mcu.externaltools.gnu-tools-for-stm32.13.3.rel1.win32_1.0.0.202411081344/tools/bin/../lib/gcc/arm-none-eabi/13.3.1/../../../../arm-none-eabi/lib/thumb/v7e-m+fp/hard\libc_nano.a(libc_a-dtoa.o)
 *fill*         0x0800c6be        0x2 
 .text._dtoa_r  0x0800c6c0      0xba0 C:/ST/STM32CubeIDE_1.18.0/STM32CubeIDE/plugins/com.st.stm32cube.ide.mcu.externaltools.gnu-tools-for-stm32.13.3.rel1.win32_1.0.0.202411081344/tools/bin/../lib/gcc/arm-none-eabi/13.3.1/../../../../arm-none-eabi/lib/thumb/v7e-m+fp/hard\libc_nano.a(libc_a-dtoa.o)
                0x0800c6c0                _dtoa_r
 .text._free_r  0x0800d260       0x94 C:/ST/STM32CubeIDE_1.18.0/STM32CubeIDE/plugins/com.st.stm32cube.ide.mcu.externaltools.gnu-tools-for-stm32.13.3.rel1.win32_1.0.0.202411081344/tools/bin/../lib/gcc/arm-none-eabi/13.3.1/../../../../arm-none-eabi/lib/thumb/v7e-m+fp/hard\libc_nano.a(libc_a-freer.o)
                0x0800d260                _free_r
 .text._Balloc  0x0800d2f4       0x80 C:/ST/STM32CubeIDE_1.18.0/STM32CubeIDE/plugins/com.st.stm32cube.ide.mcu.externaltools.gnu-tools-for-stm32.13.3.rel1.win32_1.0.0.202411081344/tools/bin/../lib/gcc/arm-none-eabi/13.3.1/../../../../arm-none-eabi/lib/thumb/v7e-m+fp/hard\libc_nano.a(libc_a-mprec.o)
                0x0800d2f4                _Balloc
 .text._Bfree   0x0800d374       0x44 C:/ST/STM32CubeIDE_1.18.0/STM32CubeIDE/plugins/com.st.stm32cube.ide.mcu.externaltools.gnu-tools-for-stm32.13.3.rel1.win32_1.0.0.202411081344/tools/bin/../lib/gcc/arm-none-eabi/13.3.1/../../../../arm-none-eabi/lib/thumb/v7e-m+fp/hard\libc_nano.a(libc_a-mprec.o)
                0x0800d374                _Bfree
 .text.__multadd
                0x0800d3b8       0x8c C:/ST/STM32CubeIDE_1.18.0/STM32CubeIDE/plugins/com.st.stm32cube.ide.mcu.externaltools.gnu-tools-for-stm32.13.3.rel1.win32_1.0.0.202411081344/tools/bin/../lib/gcc/arm-none-eabi/13.3.1/../../../../arm-none-eabi/lib/thumb/v7e-m+fp/hard\libc_nano.a(libc_a-mprec.o)
                0x0800d3b8                __multadd
 .text.__hi0bits
                0x0800d444       0x3e C:/ST/STM32CubeIDE_1.18.0/STM32CubeIDE/plugins/com.st.stm32cube.ide.mcu.externaltools.gnu-tools-for-stm32.13.3.rel1.win32_1.0.0.202411081344/tools/bin/../lib/gcc/arm-none-eabi/13.3.1/../../../../arm-none-eabi/lib/thumb/v7e-m+fp/hard\libc_nano.a(libc_a-mprec.o)
                0x0800d444                __hi0bits
 .text.__lo0bits
                0x0800d482       0x5a C:/ST/STM32CubeIDE_1.18.0/STM32CubeIDE/plugins/com.st.stm32cube.ide.mcu.externaltools.gnu-tools-for-stm32.13.3.rel1.win32_1.0.0.202411081344/tools/bin/../lib/gcc/arm-none-eabi/13.3.1/../../../../arm-none-eabi/lib/thumb/v7e-m+fp/hard\libc_nano.a(libc_a-mprec.o)
                0x0800d482                __lo0bits
 .text.__i2b    0x0800d4dc       0x2c C:/ST/STM32CubeIDE_1.18.0/STM32CubeIDE/plugins/com.st.stm32cube.ide.mcu.externaltools.gnu-tools-for-stm32.13.3.rel1.win32_1.0.0.202411081344/tools/bin/../lib/gcc/arm-none-eabi/13.3.1/../../../../arm-none-eabi/lib/thumb/v7e-m+fp/hard\libc_nano.a(libc_a-mprec.o)
                0x0800d4dc                __i2b
 .text.__multiply
                0x0800d508      0x144 C:/ST/STM32CubeIDE_1.18.0/STM32CubeIDE/plugins/com.st.stm32cube.ide.mcu.externaltools.gnu-tools-for-stm32.13.3.rel1.win32_1.0.0.202411081344/tools/bin/../lib/gcc/arm-none-eabi/13.3.1/../../../../arm-none-eabi/lib/thumb/v7e-m+fp/hard\libc_nano.a(libc_a-mprec.o)
                0x0800d508                __multiply
 .text.__pow5mult
                0x0800d64c       0xb4 C:/ST/STM32CubeIDE_1.18.0/STM32CubeIDE/plugins/com.st.stm32cube.ide.mcu.externaltools.gnu-tools-for-stm32.13.3.rel1.win32_1.0.0.202411081344/tools/bin/../lib/gcc/arm-none-eabi/13.3.1/../../../../arm-none-eabi/lib/thumb/v7e-m+fp/hard\libc_nano.a(libc_a-mprec.o)
                0x0800d64c                __pow5mult
 .text.__lshift
                0x0800d700       0xd8 C:/ST/STM32CubeIDE_1.18.0/STM32CubeIDE/plugins/com.st.stm32cube.ide.mcu.externaltools.gnu-tools-for-stm32.13.3.rel1.win32_1.0.0.202411081344/tools/bin/../lib/gcc/arm-none-eabi/13.3.1/../../../../arm-none-eabi/lib/thumb/v7e-m+fp/hard\libc_nano.a(libc_a-mprec.o)
                0x0800d700                __lshift
 .text.__mcmp   0x0800d7d8       0x36 C:/ST/STM32CubeIDE_1.18.0/STM32CubeIDE/plugins/com.st.stm32cube.ide.mcu.externaltools.gnu-tools-for-stm32.13.3.rel1.win32_1.0.0.202411081344/tools/bin/../lib/gcc/arm-none-eabi/13.3.1/../../../../arm-none-eabi/lib/thumb/v7e-m+fp/hard\libc_nano.a(libc_a-mprec.o)
                0x0800d7d8                __mcmp
 *fill*         0x0800d80e        0x2 
 .text.__mdiff  0x0800d810      0x128 C:/ST/STM32CubeIDE_1.18.0/STM32CubeIDE/plugins/com.st.stm32cube.ide.mcu.externaltools.gnu-tools-for-stm32.13.3.rel1.win32_1.0.0.202411081344/tools/bin/../lib/gcc/arm-none-eabi/13.3.1/../../../../arm-none-eabi/lib/thumb/v7e-m+fp/hard\libc_nano.a(libc_a-mprec.o)
                0x0800d810                __mdiff
 .text.__d2b    0x0800d938       0xb0 C:/ST/STM32CubeIDE_1.18.0/STM32CubeIDE/plugins/com.st.stm32cube.ide.mcu.externaltools.gnu-tools-for-stm32.13.3.rel1.win32_1.0.0.202411081344/tools/bin/../lib/gcc/arm-none-eabi/13.3.1/../../../../arm-none-eabi/lib/thumb/v7e-m+fp/hard\libc_nano.a(libc_a-mprec.o)
                0x0800d938                __d2b
 .text.__ssputs_r
                0x0800d9e8       0xb6 C:/ST/STM32CubeIDE_1.18.0/STM32CubeIDE/plugins/com.st.stm32cube.ide.mcu.externaltools.gnu-tools-for-stm32.13.3.rel1.win32_1.0.0.202411081344/tools/bin/../lib/gcc/arm-none-eabi/13.3.1/../../../../arm-none-eabi/lib/thumb/v7e-m+fp/hard\libc_nano.a(libc_a-nano-svfprintf.o)
                0x0800d9e8                __ssputs_r
 *fill*         0x0800da9e        0x2 
 .text._svfprintf_r
                0x0800daa0      0x1f8 C:/ST/STM32CubeIDE_1.18.0/STM32CubeIDE/plugins/com.st.stm32cube.ide.mcu.externaltools.gnu-tools-for-stm32.13.3.rel1.win32_1.0.0.202411081344/tools/bin/../lib/gcc/arm-none-eabi/13.3.1/../../../../arm-none-eabi/lib/thumb/v7e-m+fp/hard\libc_nano.a(libc_a-nano-svfprintf.o)
                0x0800daa0                _svfiprintf_r
                0x0800daa0                _svfprintf_r
 .text.__sflush_r
                0x0800dc98      0x108 C:/ST/STM32CubeIDE_1.18.0/STM32CubeIDE/plugins/com.st.stm32cube.ide.mcu.externaltools.gnu-tools-for-stm32.13.3.rel1.win32_1.0.0.202411081344/tools/bin/../lib/gcc/arm-none-eabi/13.3.1/../../../../arm-none-eabi/lib/thumb/v7e-m+fp/hard\libc_nano.a(libc_a-fflush.o)
                0x0800dc98                __sflush_r
 .text._fflush_r
                0x0800dda0       0x50 C:/ST/STM32CubeIDE_1.18.0/STM32CubeIDE/plugins/com.st.stm32cube.ide.mcu.externaltools.gnu-tools-for-stm32.13.3.rel1.win32_1.0.0.202411081344/tools/bin/../lib/gcc/arm-none-eabi/13.3.1/../../../../arm-none-eabi/lib/thumb/v7e-m+fp/hard\libc_nano.a(libc_a-fflush.o)
                0x0800dda0                _fflush_r
 .text.memmove  0x0800ddf0       0x34 C:/ST/STM32CubeIDE_1.18.0/STM32CubeIDE/plugins/com.st.stm32cube.ide.mcu.externaltools.gnu-tools-for-stm32.13.3.rel1.win32_1.0.0.202411081344/tools/bin/../lib/gcc/arm-none-eabi/13.3.1/../../../../arm-none-eabi/lib/thumb/v7e-m+fp/hard\libc_nano.a(libc_a-memmove.o)
                0x0800ddf0                memmove
 .text.__assert_func
                0x0800de24       0x3c C:/ST/STM32CubeIDE_1.18.0/STM32CubeIDE/plugins/com.st.stm32cube.ide.mcu.externaltools.gnu-tools-for-stm32.13.3.rel1.win32_1.0.0.202411081344/tools/bin/../lib/gcc/arm-none-eabi/13.3.1/../../../../arm-none-eabi/lib/thumb/v7e-m+fp/hard\libc_nano.a(libc_a-assert.o)
                0x0800de24                __assert_func
 .text._calloc_r
                0x0800de60       0x28 C:/ST/STM32CubeIDE_1.18.0/STM32CubeIDE/plugins/com.st.stm32cube.ide.mcu.externaltools.gnu-tools-for-stm32.13.3.rel1.win32_1.0.0.202411081344/tools/bin/../lib/gcc/arm-none-eabi/13.3.1/../../../../arm-none-eabi/lib/thumb/v7e-m+fp/hard\libc_nano.a(libc_a-callocr.o)
                0x0800de60                _calloc_r
 .text.__ascii_mbtowc
                0x0800de88       0x24 C:/ST/STM32CubeIDE_1.18.0/STM32CubeIDE/plugins/com.st.stm32cube.ide.mcu.externaltools.gnu-tools-for-stm32.13.3.rel1.win32_1.0.0.202411081344/tools/bin/../lib/gcc/arm-none-eabi/13.3.1/../../../../arm-none-eabi/lib/thumb/v7e-m+fp/hard\libc_nano.a(libc_a-mbtowc_r.o)
                0x0800de88                __ascii_mbtowc
 .text._realloc_r
                0x0800deac       0x5c C:/ST/STM32CubeIDE_1.18.0/STM32CubeIDE/plugins/com.st.stm32cube.ide.mcu.externaltools.gnu-tools-for-stm32.13.3.rel1.win32_1.0.0.202411081344/tools/bin/../lib/gcc/arm-none-eabi/13.3.1/../../../../arm-none-eabi/lib/thumb/v7e-m+fp/hard\libc_nano.a(libc_a-reallocr.o)
                0x0800deac                _realloc_r
 .text.__ascii_wctomb
                0x0800df08       0x1a C:/ST/STM32CubeIDE_1.18.0/STM32CubeIDE/plugins/com.st.stm32cube.ide.mcu.externaltools.gnu-tools-for-stm32.13.3.rel1.win32_1.0.0.202411081344/tools/bin/../lib/gcc/arm-none-eabi/13.3.1/../../../../arm-none-eabi/lib/thumb/v7e-m+fp/hard\libc_nano.a(libc_a-wctomb_r.o)
                0x0800df08                __ascii_wctomb
 *fill*         0x0800df22        0x2 
 .text.fprintf  0x0800df24       0x24 C:/ST/STM32CubeIDE_1.18.0/STM32CubeIDE/plugins/com.st.stm32cube.ide.mcu.externaltools.gnu-tools-for-stm32.13.3.rel1.win32_1.0.0.202411081344/tools/bin/../lib/gcc/arm-none-eabi/13.3.1/../../../../arm-none-eabi/lib/thumb/v7e-m+fp/hard\libc_nano.a(libc_a-fprintf.o)
                0x0800df24                fiprintf
                0x0800df24                fprintf
 .text._malloc_usable_size_r
                0x0800df48       0x10 C:/ST/STM32CubeIDE_1.18.0/STM32CubeIDE/plugins/com.st.stm32cube.ide.mcu.externaltools.gnu-tools-for-stm32.13.3.rel1.win32_1.0.0.202411081344/tools/bin/../lib/gcc/arm-none-eabi/13.3.1/../../../../arm-none-eabi/lib/thumb/v7e-m+fp/hard\libc_nano.a(libc_a-msizer.o)
                0x0800df48                _malloc_usable_size_r
 .text.__sfputc_r
                0x0800df58       0x2e C:/ST/STM32CubeIDE_1.18.0/STM32CubeIDE/plugins/com.st.stm32cube.ide.mcu.externaltools.gnu-tools-for-stm32.13.3.rel1.win32_1.0.0.202411081344/tools/bin/../lib/gcc/arm-none-eabi/13.3.1/../../../../arm-none-eabi/lib/thumb/v7e-m+fp/hard\libc_nano.a(libc_a-nano-vfprintf.o)
 .text.__sfputs_r
                0x0800df86       0x24 C:/ST/STM32CubeIDE_1.18.0/STM32CubeIDE/plugins/com.st.stm32cube.ide.mcu.externaltools.gnu-tools-for-stm32.13.3.rel1.win32_1.0.0.202411081344/tools/bin/../lib/gcc/arm-none-eabi/13.3.1/../../../../arm-none-eabi/lib/thumb/v7e-m+fp/hard\libc_nano.a(libc_a-nano-vfprintf.o)
                0x0800df86                __sfputs_r
 *fill*         0x0800dfaa        0x2 
 .text._vfprintf_r
                0x0800dfac      0x230 C:/ST/STM32CubeIDE_1.18.0/STM32CubeIDE/plugins/com.st.stm32cube.ide.mcu.externaltools.gnu-tools-for-stm32.13.3.rel1.win32_1.0.0.202411081344/tools/bin/../lib/gcc/arm-none-eabi/13.3.1/../../../../arm-none-eabi/lib/thumb/v7e-m+fp/hard\libc_nano.a(libc_a-nano-vfprintf.o)
                0x0800dfac                _vfprintf_r
                0x0800dfac                _vfiprintf_r
 .text.__swbuf_r
                0x0800e1dc       0x7c C:/ST/STM32CubeIDE_1.18.0/STM32CubeIDE/plugins/com.st.stm32cube.ide.mcu.externaltools.gnu-tools-for-stm32.13.3.rel1.win32_1.0.0.202411081344/tools/bin/../lib/gcc/arm-none-eabi/13.3.1/../../../../arm-none-eabi/lib/thumb/v7e-m+fp/hard\libc_nano.a(libc_a-wbuf.o)
                0x0800e1dc                __swbuf_r
 .text.__swsetup_r
                0x0800e258       0xac C:/ST/STM32CubeIDE_1.18.0/STM32CubeIDE/plugins/com.st.stm32cube.ide.mcu.externaltools.gnu-tools-for-stm32.13.3.rel1.win32_1.0.0.202411081344/tools/bin/../lib/gcc/arm-none-eabi/13.3.1/../../../../arm-none-eabi/lib/thumb/v7e-m+fp/hard\libc_nano.a(libc_a-wsetup.o)
                0x0800e258                __swsetup_r
 .text.__swhatbuf_r
                0x0800e304       0x4c C:/ST/STM32CubeIDE_1.18.0/STM32CubeIDE/plugins/com.st.stm32cube.ide.mcu.externaltools.gnu-tools-for-stm32.13.3.rel1.win32_1.0.0.202411081344/tools/bin/../lib/gcc/arm-none-eabi/13.3.1/../../../../arm-none-eabi/lib/thumb/v7e-m+fp/hard\libc_nano.a(libc_a-makebuf.o)
                0x0800e304                __swhatbuf_r
 .text.__smakebuf_r
                0x0800e350       0x78 C:/ST/STM32CubeIDE_1.18.0/STM32CubeIDE/plugins/com.st.stm32cube.ide.mcu.externaltools.gnu-tools-for-stm32.13.3.rel1.win32_1.0.0.202411081344/tools/bin/../lib/gcc/arm-none-eabi/13.3.1/../../../../arm-none-eabi/lib/thumb/v7e-m+fp/hard\libc_nano.a(libc_a-makebuf.o)
                0x0800e350                __smakebuf_r
 .text._fstat_r
                0x0800e3c8       0x24 C:/ST/STM32CubeIDE_1.18.0/STM32CubeIDE/plugins/com.st.stm32cube.ide.mcu.externaltools.gnu-tools-for-stm32.13.3.rel1.win32_1.0.0.202411081344/tools/bin/../lib/gcc/arm-none-eabi/13.3.1/../../../../arm-none-eabi/lib/thumb/v7e-m+fp/hard\libc_nano.a(libc_a-fstatr.o)
                0x0800e3c8                _fstat_r
 .text._isatty_r
                0x0800e3ec       0x20 C:/ST/STM32CubeIDE_1.18.0/STM32CubeIDE/plugins/com.st.stm32cube.ide.mcu.externaltools.gnu-tools-for-stm32.13.3.rel1.win32_1.0.0.202411081344/tools/bin/../lib/gcc/arm-none-eabi/13.3.1/../../../../arm-none-eabi/lib/thumb/v7e-m+fp/hard\libc_nano.a(libc_a-isattyr.o)
                0x0800e3ec                _isatty_r
 *(.glue_7)
 .glue_7        0x0800e40c        0x0 linker stubs
 *(.glue_7t)
 .glue_7t       0x0800e40c        0x0 linker stubs
 *(.eh_frame)
 .eh_frame      0x0800e40c        0x0 C:/ST/STM32CubeIDE_1.18.0/STM32CubeIDE/plugins/com.st.stm32cube.ide.mcu.externaltools.gnu-tools-for-stm32.13.3.rel1.win32_1.0.0.202411081344/tools/bin/../lib/gcc/arm-none-eabi/13.3.1/thumb/v7e-m+fp/hard/crtbegin.o
 *(.init)