../Core/Src/main.cpp:95:5:int main()	16	static
../Core/Src/main.cpp:214:6:void SystemClock_Config()	88	static
../Core/Src/main.cpp:260:13:void MX_I2C1_Init()	8	static
../Core/Src/main.cpp:294:13:void MX_I2S3_Init()	8	static
../Core/Src/main.cpp:328:13:void MX_SPI1_Init()	8	static
../Core/Src/main.cpp:366:13:void MX_USART2_UART_Init()	8	static
../Core/Src/main.cpp:399:13:void MX_USART3_UART_Init()	8	static
../Core/Src/main.cpp:432:13:void MX_GPIO_Init()	56	static
../Core/Src/main.cpp:526:6:void vesc_send_uart(unsigned char*, unsigned int)	16	static
../Core/Src/main.cpp:539:6:void Error_Handler()	4	static,ignoring_inline_asm
