../Core/Src/ScreenDisplay.cpp:12:2:ScreenDisplay::ScreenDisplay(UART_HandleTypeDef*)	16	static
../Core/Src/ScreenDisplay.cpp:14:7:void ScreenDisplay::sendCommand(const char*)	32	static
../Core/Src/ScreenDisplay.cpp:20:7:void ScreenDisplay::sendText(const char*, const char*)	96	static
../Core/Src/ScreenDisplay.cpp:26:7:void ScreenDisplay::sendValue(const char*, float, const char*)	128	static
../Core/Src/ScreenDisplay.cpp:40:7:void ScreenDisplay::showCadence(float)	16	static
../Core/Src/ScreenDisplay.cpp:44:7:void ScreenDisplay::showTorque(float)	16	static
../Core/Src/ScreenDisplay.cpp:48:7:void ScreenDisplay::showPower(float)	16	static
../Core/Src/ScreenDisplay.cpp:52:7:void ScreenDisplay::showMode(const char*)	16	static
../Core/Src/ScreenDisplay.cpp:56:7:void ScreenDisplay::showMode(ControlMode)	24	static
../Core/Src/ScreenDisplay.cpp:72:7:void ScreenDisplay::showGain(float)	16	static
../Core/Src/ScreenDisplay.cpp:76:7:void ScreenDisplay::showError(const char*)	16	static
../Core/Src/ScreenDisplay.cpp:80:7:void ScreenDisplay::showWelcome()	16	static
../Core/Src/ScreenDisplay.cpp:84:7:void ScreenDisplay::clearScreen()	16	static
../Core/Src/ScreenDisplay.cpp:88:10:int32_t ScreenDisplay::readInt32()	32	static
../Core/Src/ScreenDisplay.cpp:109:8:float ScreenDisplay::getUserCadence()	24	static
../Core/Src/ScreenDisplay.cpp:115:7:float ScreenDisplay::getUserPower()	24	static
../Core/Src/ScreenDisplay.cpp:121:7:float ScreenDisplay::getUserTorque()	24	static
../Core/Src/ScreenDisplay.cpp:127:13:ControlMode ScreenDisplay::getMode()	24	static
../Core/Src/ScreenDisplay.cpp:141:7:float ScreenDisplay::getUserLinearGain()	24	static
../Core/Src/ScreenDisplay.cpp:148:6:void ScreenDisplay::showDutyCycle(float)	24	static
../Core/Src/ScreenDisplay.cpp:156:6:void ScreenDisplay::showDirection(DirectionMode)	24	static
../Core/Src/ScreenDisplay.cpp:161:6:bool ScreenDisplay::getStop()	24	static
../Core/Src/ScreenDisplay.cpp:168:15:DirectionMode ScreenDisplay::getDirection()	24	static
../Core/Src/ScreenDisplay.cpp:174:7:float ScreenDisplay::getRampRate()	24	static
../Core/Src/ScreenDisplay.cpp:182:6:bool ScreenDisplay::getCalibrateRequest()	24	static
../Core/Src/ScreenDisplay.cpp:189:6:void ScreenDisplay::showCalibrationStatus(bool)	16	static
